PRT1
380
1131
4 0 8 (5008 5120 64 ) (5120 5120 64 ) (5120 4944 64 ) (5008 4944 64 ) 
4 0 4 (5008 4944 64 ) (5120 4944 64 ) (5120 4944 9978.230469 ) (5008 4944 9978.230469 ) 
4 0 3 (5008 4976 64 ) (5008 4944 64 ) (5008 4944 176 ) (5008 4976 176 ) 
4 0 2 (5008 4944 176 ) (5008 4944 9978.230469 ) (5008 4976 9978.230469 ) (5008 4976 176 ) 
4 0 1 (5008 5120 64 ) (5008 4976 64 ) (5008 4976 9978.230469 ) (5008 5120 9978.230469 ) 
4 1 9 (4096 4976 9978.230469 ) (4096 5120 9978.230469 ) (4096 5120 64 ) (4096 4976 64 ) 
4 1 8 (4096 4976 64 ) (4096 5120 64 ) (5008 5120 64 ) (5008 4976 64 ) 
4 1 3 (4096 4976 64 ) (5008 4976 64 ) (5008 4976 176 ) (4096 4976 176 ) 
4 1 2 (5008 4976 176 ) (5008 4976 9978.230469 ) (4096 4976 9978.230469 ) (4096 4976 176 ) 
4 2 10 (4096 4944 9978.230469 ) (4096 4976 9978.230469 ) (4096 4976 176 ) (4096 4944 176 ) 
4 2 5 (5008 4944 176 ) (5008 4944 9978.230469 ) (4976 4944 9978.230469 ) (4976 4944 176 ) 
4 2 7 (4976 4944 9978.230469 ) (4096 4944 9978.230469 ) (4096 4944 176 ) (4976 4944 176 ) 
4 2 3 (4096 4976 176 ) (5008 4976 176 ) (5008 4944 176 ) (4096 4944 176 ) 
4 3 11 (4096 4976 176 ) (4096 4976 64 ) (4096 4944 64 ) (4096 4944 176 ) 
4 3 8 (4096 4944 64 ) (4096 4976 64 ) (5008 4976 64 ) (5008 4944 64 ) 
4 3 6 (4976 4944 64 ) (5008 4944 64 ) (5008 4944 176 ) (4976 4944 176 ) 
4 3 7 (4096 4944 64 ) (4976 4944 64 ) (4976 4944 176 ) (4096 4944 176 ) 
4 4 29 (5120 4096 64 ) (5120 4096 9978.230469 ) (5008 4096 9978.230469 ) (5008 4096 64 ) 
4 4 8 (5120 4096 64 ) (5008 4096 64 ) (5008 4944 64 ) (5120 4944 64 ) 
4 4 6 (5008 4944 176 ) (5008 4944 64 ) (5008 4096 64 ) (5008 4096 176 ) 
4 4 5 (5008 4944 9978.230469 ) (5008 4944 176 ) (5008 4096 176 ) (5008 4096 9978.230469 ) 
4 5 30 (5008 4096 9978.230469 ) (4976 4096 9978.230469 ) (4976 4096 176 ) (5008 4096 176 ) 
4 5 7 (4976 4944 9978.230469 ) (4976 4944 176 ) (4976 4096 176 ) (4976 4096 9978.230469 ) 
4 5 6 (4976 4096 176 ) (4976 4944 176 ) (5008 4944 176 ) (5008 4096 176 ) 
4 6 31 (4976 4096 176 ) (4976 4096 64 ) (5008 4096 64 ) (5008 4096 176 ) 
4 6 8 (5008 4096 64 ) (4976 4096 64 ) (4976 4944 64 ) (5008 4944 64 ) 
4 6 7 (4976 4944 176 ) (4976 4944 64 ) (4976 4096 64 ) (4976 4096 176 ) 
4 7 32 (4976 4096 9978.230469 ) (4096 4096 9978.230469 ) (4096 4096 64 ) (4976 4096 64 ) 
4 7 12 (4096 4096 64 ) (4096 4096 9978.230469 ) (4096 4944 9978.230469 ) (4096 4944 64 ) 
4 7 8 (4976 4096 64 ) (4096 4096 64 ) (4096 4944 64 ) (4976 4944 64 ) 
4 8 33 (5120 4096 63 ) (5120 4096 64 ) (4096 4096 64 ) (4096 4096 63 ) 
4 8 13 (4096 4096 63 ) (4096 4096 64 ) (4096 5120 64 ) (4096 5120 63 ) 
4 9 14 (3072 4976 9978.230469 ) (3072 5120 9978.230469 ) (3072 5120 64 ) (3072 4976 64 ) 
4 9 13 (3072 5120 64 ) (4096 5120 64 ) (4096 4976 64 ) (3072 4976 64 ) 
4 9 11 (3072 4976 64 ) (4096 4976 64 ) (4096 4976 176 ) (3072 4976 176 ) 
4 9 10 (4096 4976 176 ) (4096 4976 9978.230469 ) (3072 4976 9978.230469 ) (3072 4976 176 ) 
4 10 15 (3072 4944 9978.230469 ) (3072 4976 9978.230469 ) (3072 4976 176 ) (3072 4944 176 ) 
4 10 12 (4096 4944 176 ) (4096 4944 9978.230469 ) (3072 4944 9978.230469 ) (3072 4944 176 ) 
4 10 11 (4096 4944 176 ) (3072 4944 176 ) (3072 4976 176 ) (4096 4976 176 ) 
4 11 16 (3072 4976 176 ) (3072 4976 64 ) (3072 4944 64 ) (3072 4944 176 ) 
4 11 13 (4096 4976 64 ) (4096 4944 64 ) (3072 4944 64 ) (3072 4976 64 ) 
4 11 12 (3072 4944 64 ) (4096 4944 64 ) (4096 4944 176 ) (3072 4944 176 ) 
4 12 49 (4096 4096 64 ) (4096 4096 9978.230469 ) (3072 4096 9978.230469 ) (3072 4096 64 ) 
4 12 17 (3072 4096 64 ) (3072 4096 9978.230469 ) (3072 4944 9978.230469 ) (3072 4944 64 ) 
4 12 13 (4096 4944 64 ) (4096 4096 64 ) (3072 4096 64 ) (3072 4944 64 ) 
4 13 49 (4096 4096 63 ) (4096 4096 64 ) (3072 4096 64 ) (3072 4096 63 ) 
4 13 18 (3072 4096 63 ) (3072 4096 64 ) (3072 5120 64 ) (3072 5120 63 ) 
4 14 19 (2048 4976 9978.230469 ) (2048 5120 9978.230469 ) (2048 5120 64 ) (2048 4976 64 ) 
4 14 16 (2048 4976 64 ) (3072 4976 64 ) (3072 4976 176 ) (2048 4976 176 ) 
4 14 15 (3072 4976 176 ) (3072 4976 9978.230469 ) (2048 4976 9978.230469 ) (2048 4976 176 ) 
4 14 18 (2048 4976 64 ) (2048 5120 64 ) (3072 5120 64 ) (3072 4976 64 ) 
4 15 20 (2048 4944 9978.230469 ) (2048 4976 9978.230469 ) (2048 4976 176 ) (2048 4944 176 ) 
4 15 17 (3072 4944 176 ) (3072 4944 9978.230469 ) (2048 4944 9978.230469 ) (2048 4944 176 ) 
4 15 16 (3072 4944 176 ) (2048 4944 176 ) (2048 4976 176 ) (3072 4976 176 ) 
4 16 21 (2048 4976 176 ) (2048 4976 64 ) (2048 4944 64 ) (2048 4944 176 ) 
4 16 18 (2048 4944 64 ) (2048 4976 64 ) (3072 4976 64 ) (3072 4944 64 ) 
4 16 17 (2048 4944 64 ) (3072 4944 64 ) (3072 4944 176 ) (2048 4944 176 ) 
4 17 50 (3072 4096 64 ) (3072 4096 9978.230469 ) (2048 4096 9978.230469 ) (2048 4096 64 ) 
4 17 22 (2048 4096 64 ) (2048 4096 9978.230469 ) (2048 4944 9978.230469 ) (2048 4944 64 ) 
4 17 18 (2048 4096 64 ) (2048 4944 64 ) (3072 4944 64 ) (3072 4096 64 ) 
4 18 50 (3072 4096 63 ) (3072 4096 64 ) (2048 4096 64 ) (2048 4096 63 ) 
4 18 23 (2048 4096 63 ) (2048 4096 64 ) (2048 5120 64 ) (2048 5120 63 ) 
4 19 24 (1024 4976 9978.230469 ) (1024 5120 9978.230469 ) (1024 5120 64 ) (1024 4976 64 ) 
4 19 21 (1024 4976 64 ) (2048 4976 64 ) (2048 4976 176 ) (1024 4976 176 ) 
4 19 20 (2048 4976 176 ) (2048 4976 9978.230469 ) (1024 4976 9978.230469 ) (1024 4976 176 ) 
4 19 23 (1024 4976 64 ) (1024 5120 64 ) (2048 5120 64 ) (2048 4976 64 ) 
4 20 25 (1024 4944 9978.230469 ) (1024 4976 9978.230469 ) (1024 4976 176 ) (1024 4944 176 ) 
4 20 22 (2048 4944 176 ) (2048 4944 9978.230469 ) (1024 4944 9978.230469 ) (1024 4944 176 ) 
4 20 21 (2048 4944 176 ) (1024 4944 176 ) (1024 4976 176 ) (2048 4976 176 ) 
4 21 26 (1024 4976 176 ) (1024 4976 64 ) (1024 4944 64 ) (1024 4944 176 ) 
4 21 23 (1024 4944 64 ) (1024 4976 64 ) (2048 4976 64 ) (2048 4944 64 ) 
4 21 22 (1024 4944 64 ) (2048 4944 64 ) (2048 4944 176 ) (1024 4944 176 ) 
4 22 53 (2048 4096 64 ) (2048 4096 9978.230469 ) (1024 4096 9978.230469 ) (1024 4096 64 ) 
4 22 27 (1024 4096 64 ) (1024 4096 9978.230469 ) (1024 4944 9978.230469 ) (1024 4944 64 ) 
4 22 23 (2048 4096 64 ) (1024 4096 64 ) (1024 4944 64 ) (2048 4944 64 ) 
4 23 53 (2048 4096 63 ) (2048 4096 64 ) (1024 4096 64 ) (1024 4096 63 ) 
4 23 28 (1024 4096 63 ) (1024 4096 64 ) (1024 5120 64 ) (1024 5120 63 ) 
4 24 65 (0 4976 9978.230469 ) (0 5120 9978.230469 ) (0 5120 64 ) (0 4976 64 ) 
4 24 26 (0 4976 64 ) (1024 4976 64 ) (1024 4976 176 ) (0 4976 176 ) 
4 24 25 (1024 4976 176 ) (1024 4976 9978.230469 ) (0 4976 9978.230469 ) (0 4976 176 ) 
4 24 28 (0 5120 64 ) (1024 5120 64 ) (1024 4976 64 ) (0 4976 64 ) 
4 25 66 (0 4944 9978.230469 ) (0 4976 9978.230469 ) (0 4976 176 ) (0 4944 176 ) 
4 25 27 (1024 4944 176 ) (1024 4944 9978.230469 ) (0 4944 9978.230469 ) (0 4944 176 ) 
4 25 26 (1024 4944 176 ) (0 4944 176 ) (0 4976 176 ) (1024 4976 176 ) 
4 26 67 (0 4976 176 ) (0 4976 64 ) (0 4944 64 ) (0 4944 176 ) 
4 26 28 (1024 4976 64 ) (1024 4944 64 ) (0 4944 64 ) (0 4976 64 ) 
4 26 27 (0 4944 64 ) (1024 4944 64 ) (1024 4944 176 ) (0 4944 176 ) 
4 27 68 (0 4096 64 ) (0 4096 9978.230469 ) (0 4944 9978.230469 ) (0 4944 64 ) 
4 27 54 (1024 4096 64 ) (1024 4096 9978.230469 ) (0 4096 9978.230469 ) (0 4096 64 ) 
4 27 28 (1024 4944 64 ) (1024 4096 64 ) (0 4096 64 ) (0 4944 64 ) 
4 28 69 (0 4096 63 ) (0 4096 64 ) (0 5120 64 ) (0 5120 63 ) 
4 28 54 (1024 4096 63 ) (1024 4096 64 ) (0 4096 64 ) (0 4096 63 ) 
4 29 34 (5120 3072 64 ) (5120 3072 9978.230469 ) (5008 3072 9978.230469 ) (5008 3072 64 ) 
4 29 33 (5120 3072 64 ) (5008 3072 64 ) (5008 4096 64 ) (5120 4096 64 ) 
4 29 31 (5008 4096 64 ) (5008 3072 64 ) (5008 3072 176 ) (5008 4096 176 ) 
4 29 30 (5008 3072 176 ) (5008 3072 9978.230469 ) (5008 4096 9978.230469 ) (5008 4096 176 ) 
4 30 35 (5008 3072 9978.230469 ) (4976 3072 9978.230469 ) (4976 3072 176 ) (5008 3072 176 ) 
4 30 32 (4976 3072 176 ) (4976 3072 9978.230469 ) (4976 4096 9978.230469 ) (4976 4096 176 ) 
4 30 31 (4976 3072 176 ) (4976 4096 176 ) (5008 4096 176 ) (5008 3072 176 ) 
4 31 36 (4976 3072 176 ) (4976 3072 64 ) (5008 3072 64 ) (5008 3072 176 ) 
4 31 33 (5008 3072 64 ) (4976 3072 64 ) (4976 4096 64 ) (5008 4096 64 ) 
4 31 32 (4976 4096 64 ) (4976 3072 64 ) (4976 3072 176 ) (4976 4096 176 ) 
4 32 49 (4096 4096 9978.230469 ) (4096 4096 64 ) (4096 3072 64 ) (4096 3072 9978.230469 ) 
4 32 37 (4976 3072 9978.230469 ) (4096 3072 9978.230469 ) (4096 3072 64 ) (4976 3072 64 ) 
4 32 33 (4976 3072 64 ) (4096 3072 64 ) (4096 4096 64 ) (4976 4096 64 ) 
4 33 49 (4096 4096 64 ) (4096 4096 63 ) (4096 3072 63 ) (4096 3072 64 ) 
4 33 38 (5120 3072 63 ) (5120 3072 64 ) (4096 3072 64 ) (4096 3072 63 ) 
4 34 39 (5120 2048 64 ) (5120 2048 9978.230469 ) (5008 2048 9978.230469 ) (5008 2048 64 ) 
4 34 38 (5120 2048 64 ) (5008 2048 64 ) (5008 3072 64 ) (5120 3072 64 ) 
4 34 36 (5008 3072 64 ) (5008 2048 64 ) (5008 2048 176 ) (5008 3072 176 ) 
4 34 35 (5008 2048 176 ) (5008 2048 9978.230469 ) (5008 3072 9978.230469 ) (5008 3072 176 ) 
4 35 40 (5008 2048 9978.230469 ) (4976 2048 9978.230469 ) (4976 2048 176 ) (5008 2048 176 ) 
4 35 37 (4976 2048 176 ) (4976 2048 9978.230469 ) (4976 3072 9978.230469 ) (4976 3072 176 ) 
4 35 36 (4976 2048 176 ) (4976 3072 176 ) (5008 3072 176 ) (5008 2048 176 ) 
4 36 41 (4976 2048 176 ) (4976 2048 64 ) (5008 2048 64 ) (5008 2048 176 ) 
4 36 38 (5008 2048 64 ) (4976 2048 64 ) (4976 3072 64 ) (5008 3072 64 ) 
4 36 37 (4976 3072 64 ) (4976 2048 64 ) (4976 2048 176 ) (4976 3072 176 ) 
4 37 51 (4096 2048 64 ) (4096 2048 9978.230469 ) (4096 3072 9978.230469 ) (4096 3072 64 ) 
4 37 42 (4976 2048 9978.230469 ) (4096 2048 9978.230469 ) (4096 2048 64 ) (4976 2048 64 ) 
4 37 38 (4976 2048 64 ) (4096 2048 64 ) (4096 3072 64 ) (4976 3072 64 ) 
4 38 51 (4096 2048 63 ) (4096 2048 64 ) (4096 3072 64 ) (4096 3072 63 ) 
4 38 43 (5120 2048 63 ) (5120 2048 64 ) (4096 2048 64 ) (4096 2048 63 ) 
4 39 44 (5120 1024 64 ) (5120 1024 9978.230469 ) (5008 1024 9978.230469 ) (5008 1024 64 ) 
4 39 43 (5120 1024 64 ) (5008 1024 64 ) (5008 2048 64 ) (5120 2048 64 ) 
4 39 41 (5008 2048 64 ) (5008 1024 64 ) (5008 1024 176 ) (5008 2048 176 ) 
4 39 40 (5008 1024 176 ) (5008 1024 9978.230469 ) (5008 2048 9978.230469 ) (5008 2048 176 ) 
4 40 45 (5008 1024 9978.230469 ) (4976 1024 9978.230469 ) (4976 1024 176 ) (5008 1024 176 ) 
4 40 42 (4976 1024 176 ) (4976 1024 9978.230469 ) (4976 2048 9978.230469 ) (4976 2048 176 ) 
4 40 41 (4976 1024 176 ) (4976 2048 176 ) (5008 2048 176 ) (5008 1024 176 ) 
4 41 46 (4976 1024 176 ) (4976 1024 64 ) (5008 1024 64 ) (5008 1024 176 ) 
4 41 43 (5008 1024 64 ) (4976 1024 64 ) (4976 2048 64 ) (5008 2048 64 ) 
4 41 42 (4976 2048 64 ) (4976 1024 64 ) (4976 1024 176 ) (4976 2048 176 ) 
4 42 57 (4096 1024 64 ) (4096 1024 9978.230469 ) (4096 2048 9978.230469 ) (4096 2048 64 ) 
4 42 47 (4976 1024 9978.230469 ) (4096 1024 9978.230469 ) (4096 1024 64 ) (4976 1024 64 ) 
4 42 43 (4976 1024 64 ) (4096 1024 64 ) (4096 2048 64 ) (4976 2048 64 ) 
4 43 57 (4096 1024 63 ) (4096 1024 64 ) (4096 2048 64 ) (4096 2048 63 ) 
4 43 48 (5120 1024 63 ) (5120 1024 64 ) (4096 1024 64 ) (4096 1024 63 ) 
4 44 130 (5120 0 64 ) (5120 0 9978.230469 ) (5008 0 9978.230469 ) (5008 0 64 ) 
4 44 48 (5120 0 64 ) (5008 0 64 ) (5008 1024 64 ) (5120 1024 64 ) 
4 44 46 (5008 1024 64 ) (5008 0 64 ) (5008 0 176 ) (5008 1024 176 ) 
4 44 45 (5008 0 176 ) (5008 0 9978.230469 ) (5008 1024 9978.230469 ) (5008 1024 176 ) 
4 45 131 (5008 0 9978.230469 ) (4976 0 9978.230469 ) (4976 0 176 ) (5008 0 176 ) 
4 45 47 (4976 0 176 ) (4976 0 9978.230469 ) (4976 1024 9978.230469 ) (4976 1024 176 ) 
4 45 46 (4976 0 176 ) (4976 1024 176 ) (5008 1024 176 ) (5008 0 176 ) 
4 46 132 (4976 0 176 ) (4976 0 64 ) (5008 0 64 ) (5008 0 176 ) 
4 46 48 (5008 0 64 ) (4976 0 64 ) (4976 1024 64 ) (5008 1024 64 ) 
4 46 47 (4976 1024 64 ) (4976 0 64 ) (4976 0 176 ) (4976 1024 176 ) 
4 47 133 (4976 0 9978.230469 ) (4096 0 9978.230469 ) (4096 0 64 ) (4976 0 64 ) 
4 47 59 (4096 0 64 ) (4096 0 9978.230469 ) (4096 1024 9978.230469 ) (4096 1024 64 ) 
4 47 48 (4976 0 64 ) (4096 0 64 ) (4096 1024 64 ) (4976 1024 64 ) 
4 48 134 (5120 0 63 ) (5120 0 64 ) (4096 0 64 ) (4096 0 63 ) 
4 48 59 (4096 0 63 ) (4096 0 64 ) (4096 1024 64 ) (4096 1024 63 ) 
4 49 51 (4096 3072 63 ) (4096 3072 9978.230469 ) (3072 3072 9978.230469 ) (3072 3072 63 ) 
4 49 50 (3072 4096 9978.230469 ) (3072 4096 63 ) (3072 3072 63 ) (3072 3072 9978.230469 ) 
4 50 53 (2048 4096 9978.230469 ) (2048 4096 63 ) (2048 3072 63 ) (2048 3072 9978.230469 ) 
4 50 52 (3072 3072 63 ) (3072 3072 9978.230469 ) (2048 3072 9978.230469 ) (2048 3072 63 ) 
4 51 57 (4096 2048 63 ) (4096 2048 9978.230469 ) (3072 2048 9978.230469 ) (3072 2048 63 ) 
4 51 52 (3072 3072 9978.230469 ) (3072 3072 63 ) (3072 2048 63 ) (3072 2048 9978.230469 ) 
4 52 58 (3072 2048 63 ) (3072 2048 9978.230469 ) (2048 2048 9978.230469 ) (2048 2048 63 ) 
4 52 55 (2048 2048 63 ) (2048 2048 9978.230469 ) (2048 3072 9978.230469 ) (2048 3072 63 ) 
4 53 55 (2048 3072 63 ) (2048 3072 9978.230469 ) (1024 3072 9978.230469 ) (1024 3072 63 ) 
4 53 54 (1024 4096 9978.230469 ) (1024 4096 63 ) (1024 3072 63 ) (1024 3072 9978.230469 ) 
4 54 94 (0 3072 63 ) (0 3072 9978.230469 ) (0 4096 9978.230469 ) (0 4096 63 ) 
4 54 56 (1024 3072 63 ) (1024 3072 9978.230469 ) (0 3072 9978.230469 ) (0 3072 63 ) 
4 55 61 (2048 2048 63 ) (2048 2048 9978.230469 ) (1024 2048 9978.230469 ) (1024 2048 63 ) 
4 55 56 (1024 3072 9978.230469 ) (1024 3072 63 ) (1024 2048 63 ) (1024 2048 9978.230469 ) 
4 56 95 (0 2048 63 ) (0 2048 9978.230469 ) (0 3072 9978.230469 ) (0 3072 63 ) 
4 56 62 (1024 2048 63 ) (1024 2048 9978.230469 ) (0 2048 9978.230469 ) (0 2048 63 ) 
4 57 59 (4096 1024 63 ) (4096 1024 9978.230469 ) (3072 1024 9978.230469 ) (3072 1024 63 ) 
4 57 58 (3072 2048 9978.230469 ) (3072 2048 63 ) (3072 1024 63 ) (3072 1024 9978.230469 ) 
4 58 61 (2048 2048 9978.230469 ) (2048 2048 63 ) (2048 1024 63 ) (2048 1024 9978.230469 ) 
4 58 60 (3072 1024 63 ) (3072 1024 9978.230469 ) (2048 1024 9978.230469 ) (2048 1024 63 ) 
4 59 145 (4096 0 63 ) (4096 0 9978.230469 ) (3072 0 9978.230469 ) (3072 0 63 ) 
4 59 60 (3072 1024 9978.230469 ) (3072 1024 63 ) (3072 0 63 ) (3072 0 9978.230469 ) 
4 60 146 (3072 0 63 ) (3072 0 9978.230469 ) (2048 0 9978.230469 ) (2048 0 63 ) 
4 60 63 (2048 0 63 ) (2048 0 9978.230469 ) (2048 1024 9978.230469 ) (2048 1024 63 ) 
4 61 63 (2048 1024 63 ) (2048 1024 9978.230469 ) (1024 1024 9978.230469 ) (1024 1024 63 ) 
4 61 62 (1024 2048 9978.230469 ) (1024 2048 63 ) (1024 1024 63 ) (1024 1024 9978.230469 ) 
4 62 100 (0 1024 63 ) (0 1024 9978.230469 ) (0 2048 9978.230469 ) (0 2048 63 ) 
4 62 64 (1024 1024 63 ) (1024 1024 9978.230469 ) (0 1024 9978.230469 ) (0 1024 63 ) 
4 63 151 (2048 0 63 ) (2048 0 9978.230469 ) (1024 0 9978.230469 ) (1024 0 63 ) 
4 63 64 (1024 1024 9978.230469 ) (1024 1024 63 ) (1024 0 63 ) (1024 0 9978.230469 ) 
4 64 152 (1024 0 63 ) (1024 0 9978.230469 ) (0 0 9978.230469 ) (0 0 63 ) 
4 64 101 (0 0 63 ) (0 0 9978.230469 ) (0 1024 9978.230469 ) (0 1024 63 ) 
4 65 70 (-1024 4976 9978.230469 ) (-1024 5120 9978.230469 ) (-1024 5120 64 ) (-1024 4976 64 ) 
4 65 67 (-1024 4976 64 ) (0 4976 64 ) (0 4976 176 ) (-1024 4976 176 ) 
4 65 66 (0 4976 176 ) (0 4976 9978.230469 ) (-1024 4976 9978.230469 ) (-1024 4976 176 ) 
4 65 69 (-1024 4976 64 ) (-1024 5120 64 ) (0 5120 64 ) (0 4976 64 ) 
4 66 71 (-1024 4944 9978.230469 ) (-1024 4976 9978.230469 ) (-1024 4976 176 ) (-1024 4944 176 ) 
4 66 68 (0 4944 176 ) (0 4944 9978.230469 ) (-1024 4944 9978.230469 ) (-1024 4944 176 ) 
4 66 67 (0 4944 176 ) (-1024 4944 176 ) (-1024 4976 176 ) (0 4976 176 ) 
4 67 72 (-1024 4976 176 ) (-1024 4976 64 ) (-1024 4944 64 ) (-1024 4944 176 ) 
4 67 69 (-1024 4944 64 ) (-1024 4976 64 ) (0 4976 64 ) (0 4944 64 ) 
4 67 68 (-1024 4944 64 ) (0 4944 64 ) (0 4944 176 ) (-1024 4944 176 ) 
4 68 94 (0 4096 64 ) (0 4096 9978.230469 ) (-1024 4096 9978.230469 ) (-1024 4096 64 ) 
4 68 73 (-1024 4096 64 ) (-1024 4096 9978.230469 ) (-1024 4944 9978.230469 ) (-1024 4944 64 ) 
4 68 69 (-1024 4096 64 ) (-1024 4944 64 ) (0 4944 64 ) (0 4096 64 ) 
4 69 94 (0 4096 63 ) (0 4096 64 ) (-1024 4096 64 ) (-1024 4096 63 ) 
4 69 74 (-1024 4096 63 ) (-1024 4096 64 ) (-1024 5120 64 ) (-1024 5120 63 ) 
4 70 75 (-2048 4976 9978.230469 ) (-2048 5120 9978.230469 ) (-2048 5120 64 ) (-2048 4976 64 ) 
4 70 72 (-2048 4976 64 ) (-1024 4976 64 ) (-1024 4976 176 ) (-2048 4976 176 ) 
4 70 71 (-1024 4976 176 ) (-1024 4976 9978.230469 ) (-2048 4976 9978.230469 ) (-2048 4976 176 ) 
4 70 74 (-2048 5120 64 ) (-1024 5120 64 ) (-1024 4976 64 ) (-2048 4976 64 ) 
4 71 76 (-2048 4944 9978.230469 ) (-2048 4976 9978.230469 ) (-2048 4976 176 ) (-2048 4944 176 ) 
4 71 73 (-1024 4944 176 ) (-1024 4944 9978.230469 ) (-2048 4944 9978.230469 ) (-2048 4944 176 ) 
4 71 72 (-1024 4944 176 ) (-2048 4944 176 ) (-2048 4976 176 ) (-1024 4976 176 ) 
4 72 77 (-2048 4976 176 ) (-2048 4976 64 ) (-2048 4944 64 ) (-2048 4944 176 ) 
4 72 74 (-1024 4976 64 ) (-1024 4944 64 ) (-2048 4944 64 ) (-2048 4976 64 ) 
4 72 73 (-2048 4944 64 ) (-1024 4944 64 ) (-1024 4944 176 ) (-2048 4944 176 ) 
4 73 96 (-1024 4096 64 ) (-1024 4096 9978.230469 ) (-2048 4096 9978.230469 ) (-2048 4096 64 ) 
4 73 78 (-2048 4096 64 ) (-2048 4096 9978.230469 ) (-2048 4944 9978.230469 ) (-2048 4944 64 ) 
4 73 74 (-1024 4944 64 ) (-1024 4096 64 ) (-2048 4096 64 ) (-2048 4944 64 ) 
4 74 96 (-1024 4096 63 ) (-1024 4096 64 ) (-2048 4096 64 ) (-2048 4096 63 ) 
4 74 79 (-2048 4096 63 ) (-2048 4096 64 ) (-2048 5120 64 ) (-2048 5120 63 ) 
4 75 80 (-3072 4976 9978.230469 ) (-3072 5120 9978.230469 ) (-3072 5120 64 ) (-3072 4976 64 ) 
4 75 77 (-3072 4976 64 ) (-2048 4976 64 ) (-2048 4976 176 ) (-3072 4976 176 ) 
4 75 76 (-2048 4976 176 ) (-2048 4976 9978.230469 ) (-3072 4976 9978.230469 ) (-3072 4976 176 ) 
4 75 79 (-3072 5120 64 ) (-2048 5120 64 ) (-2048 4976 64 ) (-3072 4976 64 ) 
4 76 81 (-3072 4944 9978.230469 ) (-3072 4976 9978.230469 ) (-3072 4976 176 ) (-3072 4944 176 ) 
4 76 78 (-2048 4944 176 ) (-2048 4944 9978.230469 ) (-3072 4944 9978.230469 ) (-3072 4944 176 ) 
4 76 77 (-2048 4944 176 ) (-3072 4944 176 ) (-3072 4976 176 ) (-2048 4976 176 ) 
4 77 82 (-3072 4976 176 ) (-3072 4976 64 ) (-3072 4944 64 ) (-3072 4944 176 ) 
4 77 79 (-2048 4976 64 ) (-2048 4944 64 ) (-3072 4944 64 ) (-3072 4976 64 ) 
4 77 78 (-3072 4944 64 ) (-2048 4944 64 ) (-2048 4944 176 ) (-3072 4944 176 ) 
4 78 97 (-2048 4096 64 ) (-2048 4096 9978.230469 ) (-3072 4096 9978.230469 ) (-3072 4096 64 ) 
4 78 83 (-3072 4096 64 ) (-3072 4096 9978.230469 ) (-3072 4944 9978.230469 ) (-3072 4944 64 ) 
4 78 79 (-2048 4944 64 ) (-2048 4096 64 ) (-3072 4096 64 ) (-3072 4944 64 ) 
4 79 97 (-2048 4096 63 ) (-2048 4096 64 ) (-3072 4096 64 ) (-3072 4096 63 ) 
4 79 84 (-3072 4096 63 ) (-3072 4096 64 ) (-3072 5120 64 ) (-3072 5120 63 ) 
4 80 85 (-4096 4976 9978.230469 ) (-4096 5120 9978.230469 ) (-4096 5120 64 ) (-4096 4976 64 ) 
4 80 84 (-4096 5120 64 ) (-3072 5120 64 ) (-3072 4976 64 ) (-4096 4976 64 ) 
4 80 82 (-4096 4976 64 ) (-3072 4976 64 ) (-3072 4976 176 ) (-4096 4976 176 ) 
4 80 81 (-3072 4976 176 ) (-3072 4976 9978.230469 ) (-4096 4976 9978.230469 ) (-4096 4976 176 ) 
4 81 86 (-4096 4944 9978.230469 ) (-4096 4976 9978.230469 ) (-4096 4976 176 ) (-4096 4944 176 ) 
4 81 83 (-3072 4944 176 ) (-3072 4944 9978.230469 ) (-4096 4944 9978.230469 ) (-4096 4944 176 ) 
4 81 82 (-3072 4944 176 ) (-4096 4944 176 ) (-4096 4976 176 ) (-3072 4976 176 ) 
4 82 87 (-4096 4976 176 ) (-4096 4976 64 ) (-4096 4944 64 ) (-4096 4944 176 ) 
4 82 84 (-3072 4976 64 ) (-3072 4944 64 ) (-4096 4944 64 ) (-4096 4976 64 ) 
4 82 83 (-4096 4944 64 ) (-3072 4944 64 ) (-3072 4944 176 ) (-4096 4944 176 ) 
4 83 106 (-3072 4096 64 ) (-3072 4096 9978.230469 ) (-4096 4096 9978.230469 ) (-4096 4096 64 ) 
4 83 88 (-4096 4096 64 ) (-4096 4096 9978.230469 ) (-4096 4944 9978.230469 ) (-4096 4944 64 ) 
4 83 84 (-3072 4944 64 ) (-3072 4096 64 ) (-4096 4096 64 ) (-4096 4944 64 ) 
4 84 106 (-3072 4096 63 ) (-3072 4096 64 ) (-4096 4096 64 ) (-4096 4096 63 ) 
4 84 93 (-4096 4096 63 ) (-4096 4096 64 ) (-4096 5120 64 ) (-4096 5120 63 ) 
4 85 93 (-4880 5120 64 ) (-4096 5120 64 ) (-4096 4976 64 ) (-4880 4976 64 ) 
4 85 89 (-4880 5120 64 ) (-4880 4976 64 ) (-4880 4976 9978.230469 ) (-4880 5120 9978.230469 ) 
4 85 87 (-4880 4976 176 ) (-4880 4976 64 ) (-4096 4976 64 ) (-4096 4976 176 ) 
4 85 86 (-4880 4976 9978.230469 ) (-4880 4976 176 ) (-4096 4976 176 ) (-4096 4976 9978.230469 ) 
4 86 90 (-4880 4944 176 ) (-4880 4944 9978.230469 ) (-4880 4976 9978.230469 ) (-4880 4976 176 ) 
4 86 88 (-4880 4944 9978.230469 ) (-4880 4944 176 ) (-4096 4944 176 ) (-4096 4944 9978.230469 ) 
4 86 87 (-4096 4944 176 ) (-4880 4944 176 ) (-4880 4976 176 ) (-4096 4976 176 ) 
4 87 93 (-4096 4976 64 ) (-4096 4944 64 ) (-4880 4944 64 ) (-4880 4976 64 ) 
4 87 91 (-4880 4976 64 ) (-4880 4944 64 ) (-4880 4944 176 ) (-4880 4976 176 ) 
4 87 88 (-4880 4944 176 ) (-4880 4944 64 ) (-4096 4944 64 ) (-4096 4944 176 ) 
4 88 107 (-4096 4096 64 ) (-4096 4096 9978.230469 ) (-4880 4096 9978.230469 ) (-4880 4096 64 ) 
4 88 93 (-4096 4944 64 ) (-4096 4096 64 ) (-4880 4096 64 ) (-4880 4944 64 ) 
4 88 91 (-4880 4944 64 ) (-4880 4096 64 ) (-4880 4096 176 ) (-4880 4944 176 ) 
4 88 90 (-4880 4096 176 ) (-4880 4096 9978.230469 ) (-4880 4944 9978.230469 ) (-4880 4944 176 ) 
4 89 93 (-4912 5120 64 ) (-4880 5120 64 ) (-4880 4976 64 ) (-4912 4976 64 ) 
4 89 91 (-4912 4976 176 ) (-4912 4976 64 ) (-4880 4976 64 ) (-4880 4976 176 ) 
4 89 90 (-4912 4976 9978.230469 ) (-4912 4976 176 ) (-4880 4976 176 ) (-4880 4976 9978.230469 ) 
4 89 92 (-4912 5120 64 ) (-4912 4976 64 ) (-4912 4976 9978.230469 ) (-4912 5120 9978.230469 ) 
4 90 108 (-4880 4096 9978.230469 ) (-4912 4096 9978.230469 ) (-4912 4096 176 ) (-4880 4096 176 ) 
4 90 92 (-4912 4096 176 ) (-4912 4096 9978.230469 ) (-4912 4976 9978.230469 ) (-4912 4976 176 ) 
4 90 91 (-4912 4096 176 ) (-4912 4976 176 ) (-4880 4976 176 ) (-4880 4096 176 ) 
4 91 109 (-4912 4096 176 ) (-4912 4096 64 ) (-4880 4096 64 ) (-4880 4096 176 ) 
4 91 93 (-4880 4976 64 ) (-4880 4096 64 ) (-4912 4096 64 ) (-4912 4976 64 ) 
4 91 92 (-4912 4976 64 ) (-4912 4096 64 ) (-4912 4096 176 ) (-4912 4976 176 ) 
4 92 110 (-4912 4096 9978.230469 ) (-5120 4096 9978.230469 ) (-5120 4096 64 ) (-4912 4096 64 ) 
4 92 93 (-5120 4096 64 ) (-5120 5120 64 ) (-4912 5120 64 ) (-4912 4096 64 ) 
4 93 111 (-4096 4096 63 ) (-4096 4096 64 ) (-5120 4096 64 ) (-5120 4096 63 ) 
4 94 96 (-1024 4096 9978.230469 ) (-1024 4096 63 ) (-1024 3072 63 ) (-1024 3072 9978.230469 ) 
4 94 95 (0 3072 63 ) (0 3072 9978.230469 ) (-1024 3072 9978.230469 ) (-1024 3072 63 ) 
4 95 100 (0 2048 63 ) (0 2048 9978.230469 ) (-1024 2048 9978.230469 ) (-1024 2048 63 ) 
4 95 98 (-1024 2048 63 ) (-1024 2048 9978.230469 ) (-1024 3072 9978.230469 ) (-1024 3072 63 ) 
4 96 98 (-1024 3072 63 ) (-1024 3072 9978.230469 ) (-2048 3072 9978.230469 ) (-2048 3072 63 ) 
4 96 97 (-2048 4096 9978.230469 ) (-2048 4096 63 ) (-2048 3072 63 ) (-2048 3072 9978.230469 ) 
4 97 106 (-3072 4096 9978.230469 ) (-3072 4096 63 ) (-3072 3072 63 ) (-3072 3072 9978.230469 ) 
4 97 99 (-2048 3072 63 ) (-2048 3072 9978.230469 ) (-3072 3072 9978.230469 ) (-3072 3072 63 ) 
4 98 102 (-1024 2048 63 ) (-1024 2048 9978.230469 ) (-2048 2048 9978.230469 ) (-2048 2048 63 ) 
4 98 99 (-2048 3072 9978.230469 ) (-2048 3072 63 ) (-2048 2048 63 ) (-2048 2048 9978.230469 ) 
4 99 112 (-3072 2048 63 ) (-3072 2048 9978.230469 ) (-3072 3072 9978.230469 ) (-3072 3072 63 ) 
4 99 103 (-2048 2048 63 ) (-2048 2048 9978.230469 ) (-3072 2048 9978.230469 ) (-3072 2048 63 ) 
4 100 102 (-1024 2048 9978.230469 ) (-1024 2048 63 ) (-1024 1024 63 ) (-1024 1024 9978.230469 ) 
4 100 101 (0 1024 63 ) (0 1024 9978.230469 ) (-1024 1024 9978.230469 ) (-1024 1024 63 ) 
4 101 295 (0 0 63 ) (0 0 9978.230469 ) (-1024 0 9978.230469 ) (-1024 0 63 ) 
4 101 104 (-1024 0 63 ) (-1024 0 9978.230469 ) (-1024 1024 9978.230469 ) (-1024 1024 63 ) 
4 102 104 (-1024 1024 63 ) (-1024 1024 9978.230469 ) (-2048 1024 9978.230469 ) (-2048 1024 63 ) 
4 102 103 (-2048 2048 9978.230469 ) (-2048 2048 63 ) (-2048 1024 63 ) (-2048 1024 9978.230469 ) 
4 103 118 (-3072 1024 63 ) (-3072 1024 9978.230469 ) (-3072 2048 9978.230469 ) (-3072 2048 63 ) 
4 103 105 (-2048 1024 63 ) (-2048 1024 9978.230469 ) (-3072 1024 9978.230469 ) (-3072 1024 63 ) 
4 104 296 (-1024 0 63 ) (-1024 0 9978.230469 ) (-2048 0 9978.230469 ) (-2048 0 63 ) 
4 104 105 (-2048 1024 9978.230469 ) (-2048 1024 63 ) (-2048 0 63 ) (-2048 0 9978.230469 ) 
4 105 297 (-2048 0 63 ) (-2048 0 9978.230469 ) (-3072 0 9978.230469 ) (-3072 0 63 ) 
4 105 124 (-3072 0 63 ) (-3072 0 9978.230469 ) (-3072 1024 9978.230469 ) (-3072 1024 63 ) 
4 106 112 (-3072 3072 63 ) (-3072 3072 9978.230469 ) (-4096 3072 9978.230469 ) (-4096 3072 63 ) 
4 106 111 (-4096 4096 64 ) (-4096 4096 63 ) (-4096 3072 63 ) (-4096 3072 64 ) 
4 106 107 (-4096 4096 9978.230469 ) (-4096 4096 64 ) (-4096 3072 64 ) (-4096 3072 9978.230469 ) 
4 107 113 (-4096 3072 64 ) (-4096 3072 9978.230469 ) (-4880 3072 9978.230469 ) (-4880 3072 64 ) 
4 107 111 (-4880 4096 64 ) (-4096 4096 64 ) (-4096 3072 64 ) (-4880 3072 64 ) 
4 107 109 (-4880 4096 64 ) (-4880 3072 64 ) (-4880 3072 176 ) (-4880 4096 176 ) 
4 107 108 (-4880 3072 176 ) (-4880 3072 9978.230469 ) (-4880 4096 9978.230469 ) (-4880 4096 176 ) 
4 108 114 (-4880 3072 9978.230469 ) (-4912 3072 9978.230469 ) (-4912 3072 176 ) (-4880 3072 176 ) 
4 108 110 (-4912 3072 176 ) (-4912 3072 9978.230469 ) (-4912 4096 9978.230469 ) (-4912 4096 176 ) 
4 108 109 (-4912 3072 176 ) (-4912 4096 176 ) (-4880 4096 176 ) (-4880 3072 176 ) 
4 109 115 (-4912 3072 176 ) (-4912 3072 64 ) (-4880 3072 64 ) (-4880 3072 176 ) 
4 109 111 (-4912 4096 64 ) (-4880 4096 64 ) (-4880 3072 64 ) (-4912 3072 64 ) 
4 109 110 (-4912 4096 64 ) (-4912 3072 64 ) (-4912 3072 176 ) (-4912 4096 176 ) 
4 110 116 (-4912 3072 9978.230469 ) (-5120 3072 9978.230469 ) (-5120 3072 64 ) (-4912 3072 64 ) 
4 110 111 (-5120 4096 64 ) (-4912 4096 64 ) (-4912 3072 64 ) (-5120 3072 64 ) 
4 111 117 (-4096 3072 63 ) (-4096 3072 64 ) (-5120 3072 64 ) (-5120 3072 63 ) 
4 112 118 (-3072 2048 63 ) (-3072 2048 9978.230469 ) (-4096 2048 9978.230469 ) (-4096 2048 63 ) 
4 112 117 (-4096 3072 64 ) (-4096 3072 63 ) (-4096 2048 63 ) (-4096 2048 64 ) 
4 112 113 (-4096 3072 9978.230469 ) (-4096 3072 64 ) (-4096 2048 64 ) (-4096 2048 9978.230469 ) 
4 113 119 (-4096 2048 64 ) (-4096 2048 9978.230469 ) (-4880 2048 9978.230469 ) (-4880 2048 64 ) 
4 113 117 (-4096 3072 64 ) (-4096 2048 64 ) (-4880 2048 64 ) (-4880 3072 64 ) 
4 113 115 (-4880 3072 64 ) (-4880 2048 64 ) (-4880 2048 176 ) (-4880 3072 176 ) 
4 113 114 (-4880 2048 176 ) (-4880 2048 9978.230469 ) (-4880 3072 9978.230469 ) (-4880 3072 176 ) 
4 114 120 (-4880 2048 9978.230469 ) (-4912 2048 9978.230469 ) (-4912 2048 176 ) (-4880 2048 176 ) 
4 114 116 (-4912 2048 176 ) (-4912 2048 9978.230469 ) (-4912 3072 9978.230469 ) (-4912 3072 176 ) 
4 114 115 (-4912 2048 176 ) (-4912 3072 176 ) (-4880 3072 176 ) (-4880 2048 176 ) 
4 115 121 (-4912 2048 176 ) (-4912 2048 64 ) (-4880 2048 64 ) (-4880 2048 176 ) 
4 115 117 (-4880 2048 64 ) (-4912 2048 64 ) (-4912 3072 64 ) (-4880 3072 64 ) 
4 115 116 (-4912 3072 64 ) (-4912 2048 64 ) (-4912 2048 176 ) (-4912 3072 176 ) 
4 116 122 (-4912 2048 9978.230469 ) (-5120 2048 9978.230469 ) (-5120 2048 64 ) (-4912 2048 64 ) 
4 116 117 (-4912 2048 64 ) (-5120 2048 64 ) (-5120 3072 64 ) (-4912 3072 64 ) 
4 117 123 (-4096 2048 63 ) (-4096 2048 64 ) (-5120 2048 64 ) (-5120 2048 63 ) 
4 118 124 (-3072 1024 63 ) (-3072 1024 9978.230469 ) (-4096 1024 9978.230469 ) (-4096 1024 63 ) 
4 118 123 (-4096 2048 64 ) (-4096 2048 63 ) (-4096 1024 63 ) (-4096 1024 64 ) 
4 118 119 (-4096 2048 9978.230469 ) (-4096 2048 64 ) (-4096 1024 64 ) (-4096 1024 9978.230469 ) 
4 119 125 (-4096 1024 64 ) (-4096 1024 9978.230469 ) (-4880 1024 9978.230469 ) (-4880 1024 64 ) 
4 119 123 (-4880 2048 64 ) (-4096 2048 64 ) (-4096 1024 64 ) (-4880 1024 64 ) 
4 119 121 (-4880 2048 64 ) (-4880 1024 64 ) (-4880 1024 176 ) (-4880 2048 176 ) 
4 119 120 (-4880 1024 176 ) (-4880 1024 9978.230469 ) (-4880 2048 9978.230469 ) (-4880 2048 176 ) 
4 120 126 (-4880 1024 9978.230469 ) (-4912 1024 9978.230469 ) (-4912 1024 176 ) (-4880 1024 176 ) 
4 120 122 (-4912 1024 176 ) (-4912 1024 9978.230469 ) (-4912 2048 9978.230469 ) (-4912 2048 176 ) 
4 120 121 (-4912 1024 176 ) (-4912 2048 176 ) (-4880 2048 176 ) (-4880 1024 176 ) 
4 121 127 (-4912 1024 176 ) (-4912 1024 64 ) (-4880 1024 64 ) (-4880 1024 176 ) 
4 121 123 (-4912 2048 64 ) (-4880 2048 64 ) (-4880 1024 64 ) (-4912 1024 64 ) 
4 121 122 (-4912 2048 64 ) (-4912 1024 64 ) (-4912 1024 176 ) (-4912 2048 176 ) 
4 122 128 (-4912 1024 9978.230469 ) (-5120 1024 9978.230469 ) (-5120 1024 64 ) (-4912 1024 64 ) 
4 122 123 (-5120 2048 64 ) (-4912 2048 64 ) (-4912 1024 64 ) (-5120 1024 64 ) 
4 123 129 (-4096 1024 63 ) (-4096 1024 64 ) (-5120 1024 64 ) (-5120 1024 63 ) 
4 124 304 (-3072 0 63 ) (-3072 0 9978.230469 ) (-4096 0 9978.230469 ) (-4096 0 63 ) 
4 124 129 (-4096 1024 64 ) (-4096 1024 63 ) (-4096 0 63 ) (-4096 0 64 ) 
4 124 125 (-4096 1024 9978.230469 ) (-4096 1024 64 ) (-4096 0 64 ) (-4096 0 9978.230469 ) 
4 125 305 (-4096 0 64 ) (-4096 0 9978.230469 ) (-4880 0 9978.230469 ) (-4880 0 64 ) 
4 125 129 (-4096 1024 64 ) (-4096 0 64 ) (-4880 0 64 ) (-4880 1024 64 ) 
4 125 127 (-4880 1024 64 ) (-4880 0 64 ) (-4880 0 176 ) (-4880 1024 176 ) 
4 125 126 (-4880 0 176 ) (-4880 0 9978.230469 ) (-4880 1024 9978.230469 ) (-4880 1024 176 ) 
4 126 306 (-4880 0 9978.230469 ) (-4912 0 9978.230469 ) (-4912 0 176 ) (-4880 0 176 ) 
4 126 128 (-4912 0 176 ) (-4912 0 9978.230469 ) (-4912 1024 9978.230469 ) (-4912 1024 176 ) 
4 126 127 (-4912 0 176 ) (-4912 1024 176 ) (-4880 1024 176 ) (-4880 0 176 ) 
4 127 307 (-4912 0 176 ) (-4912 0 64 ) (-4880 0 64 ) (-4880 0 176 ) 
4 127 129 (-4880 0 64 ) (-4912 0 64 ) (-4912 1024 64 ) (-4880 1024 64 ) 
4 127 128 (-4912 1024 64 ) (-4912 0 64 ) (-4912 0 176 ) (-4912 1024 176 ) 
4 128 308 (-4912 0 9978.230469 ) (-5120 0 9978.230469 ) (-5120 0 64 ) (-4912 0 64 ) 
4 128 129 (-4912 0 64 ) (-5120 0 64 ) (-5120 1024 64 ) (-4912 1024 64 ) 
4 129 309 (-4096 0 63 ) (-4096 0 64 ) (-5120 0 64 ) (-5120 0 63 ) 
4 130 135 (5120 -1024 64 ) (5120 -1024 9978.230469 ) (5008 -1024 9978.230469 ) (5008 -1024 64 ) 
4 130 134 (5120 -1024 64 ) (5008 -1024 64 ) (5008 0 64 ) (5120 0 64 ) 
4 130 132 (5008 0 64 ) (5008 -1024 64 ) (5008 -1024 176 ) (5008 0 176 ) 
4 130 131 (5008 -1024 176 ) (5008 -1024 9978.230469 ) (5008 0 9978.230469 ) (5008 0 176 ) 
4 131 136 (5008 -1024 9978.230469 ) (4976 -1024 9978.230469 ) (4976 -1024 176 ) (5008 -1024 176 ) 
4 131 133 (4976 -1024 176 ) (4976 -1024 9978.230469 ) (4976 0 9978.230469 ) (4976 0 176 ) 
4 131 132 (4976 -1024 176 ) (4976 0 176 ) (5008 0 176 ) (5008 -1024 176 ) 
4 132 137 (4976 -1024 176 ) (4976 -1024 64 ) (5008 -1024 64 ) (5008 -1024 176 ) 
4 132 134 (5008 -1024 64 ) (4976 -1024 64 ) (4976 0 64 ) (5008 0 64 ) 
4 132 133 (4976 0 64 ) (4976 -1024 64 ) (4976 -1024 176 ) (4976 0 176 ) 
4 133 145 (4096 0 9978.230469 ) (4096 0 64 ) (4096 -1024 64 ) (4096 -1024 9978.230469 ) 
4 133 138 (4976 -1024 9978.230469 ) (4096 -1024 9978.230469 ) (4096 -1024 64 ) (4976 -1024 64 ) 
4 133 134 (4976 -1024 64 ) (4096 -1024 64 ) (4096 0 64 ) (4976 0 64 ) 
4 134 145 (4096 0 64 ) (4096 0 63 ) (4096 -1024 63 ) (4096 -1024 64 ) 
4 134 139 (5120 -1024 63 ) (5120 -1024 64 ) (4096 -1024 64 ) (4096 -1024 63 ) 
4 135 140 (5120 -2048 64 ) (5120 -2048 9978.230469 ) (5008 -2048 9978.230469 ) (5008 -2048 64 ) 
4 135 139 (5120 -2048 64 ) (5008 -2048 64 ) (5008 -1024 64 ) (5120 -1024 64 ) 
4 135 137 (5008 -1024 64 ) (5008 -2048 64 ) (5008 -2048 176 ) (5008 -1024 176 ) 
4 135 136 (5008 -2048 176 ) (5008 -2048 9978.230469 ) (5008 -1024 9978.230469 ) (5008 -1024 176 ) 
4 136 141 (5008 -2048 9978.230469 ) (4976 -2048 9978.230469 ) (4976 -2048 176 ) (5008 -2048 176 ) 
4 136 138 (4976 -2048 176 ) (4976 -2048 9978.230469 ) (4976 -1024 9978.230469 ) (4976 -1024 176 ) 
4 136 137 (4976 -2048 176 ) (4976 -1024 176 ) (5008 -1024 176 ) (5008 -2048 176 ) 
4 137 142 (4976 -2048 176 ) (4976 -2048 64 ) (5008 -2048 64 ) (5008 -2048 176 ) 
4 137 139 (5008 -2048 64 ) (4976 -2048 64 ) (4976 -1024 64 ) (5008 -1024 64 ) 
4 137 138 (4976 -1024 64 ) (4976 -2048 64 ) (4976 -2048 176 ) (4976 -1024 176 ) 
4 138 147 (4096 -2048 64 ) (4096 -2048 9978.230469 ) (4096 -1024 9978.230469 ) (4096 -1024 64 ) 
4 138 143 (4976 -2048 9978.230469 ) (4096 -2048 9978.230469 ) (4096 -2048 64 ) (4976 -2048 64 ) 
4 138 139 (4976 -2048 64 ) (4096 -2048 64 ) (4096 -1024 64 ) (4976 -1024 64 ) 
4 139 147 (4096 -2048 63 ) (4096 -2048 64 ) (4096 -1024 64 ) (4096 -1024 63 ) 
4 139 144 (5120 -2048 63 ) (5120 -2048 64 ) (4096 -2048 64 ) (4096 -2048 63 ) 
4 140 161 (5120 -3072 64 ) (5120 -3072 9978.230469 ) (5008 -3072 9978.230469 ) (5008 -3072 64 ) 
4 140 144 (5120 -3072 64 ) (5008 -3072 64 ) (5008 -2048 64 ) (5120 -2048 64 ) 
4 140 142 (5008 -2048 64 ) (5008 -3072 64 ) (5008 -3072 176 ) (5008 -2048 176 ) 
4 140 141 (5008 -3072 176 ) (5008 -3072 9978.230469 ) (5008 -2048 9978.230469 ) (5008 -2048 176 ) 
4 141 162 (5008 -3072 9978.230469 ) (4976 -3072 9978.230469 ) (4976 -3072 176 ) (5008 -3072 176 ) 
4 141 143 (4976 -3072 176 ) (4976 -3072 9978.230469 ) (4976 -2048 9978.230469 ) (4976 -2048 176 ) 
4 141 142 (4976 -3072 176 ) (4976 -2048 176 ) (5008 -2048 176 ) (5008 -3072 176 ) 
4 142 163 (4976 -3072 176 ) (4976 -3072 64 ) (5008 -3072 64 ) (5008 -3072 176 ) 
4 142 144 (5008 -3072 64 ) (4976 -3072 64 ) (4976 -2048 64 ) (5008 -2048 64 ) 
4 142 143 (4976 -2048 64 ) (4976 -3072 64 ) (4976 -3072 176 ) (4976 -2048 176 ) 
4 143 164 (4976 -3072 9978.230469 ) (4096 -3072 9978.230469 ) (4096 -3072 64 ) (4976 -3072 64 ) 
4 143 149 (4096 -3072 64 ) (4096 -3072 9978.230469 ) (4096 -2048 9978.230469 ) (4096 -2048 64 ) 
4 143 144 (4976 -3072 64 ) (4096 -3072 64 ) (4096 -2048 64 ) (4976 -2048 64 ) 
4 144 165 (5120 -3072 63 ) (5120 -3072 64 ) (4096 -3072 64 ) (4096 -3072 63 ) 
4 144 149 (4096 -3072 63 ) (4096 -3072 64 ) (4096 -2048 64 ) (4096 -2048 63 ) 
4 145 147 (4096 -1024 63 ) (4096 -1024 9978.230469 ) (3072 -1024 9978.230469 ) (3072 -1024 63 ) 
4 145 146 (3072 -1024 63 ) (3072 -1024 9978.230469 ) (3072 0 9978.230469 ) (3072 0 63 ) 
4 146 151 (2048 -1024 63 ) (2048 -1024 9978.230469 ) (2048 0 9978.230469 ) (2048 0 63 ) 
4 146 148 (3072 -1024 63 ) (3072 -1024 9978.230469 ) (2048 -1024 9978.230469 ) (2048 -1024 63 ) 
4 147 149 (4096 -2048 63 ) (4096 -2048 9978.230469 ) (3072 -2048 9978.230469 ) (3072 -2048 63 ) 
4 147 148 (3072 -2048 63 ) (3072 -2048 9978.230469 ) (3072 -1024 9978.230469 ) (3072 -1024 63 ) 
4 148 153 (2048 -2048 63 ) (2048 -2048 9978.230469 ) (2048 -1024 9978.230469 ) (2048 -1024 63 ) 
4 148 150 (2048 -2048 9978.230469 ) (2048 -2048 63 ) (3072 -2048 63 ) (3072 -2048 9978.230469 ) 
4 149 175 (4096 -3072 63 ) (4096 -3072 9978.230469 ) (3072 -3072 9978.230469 ) (3072 -3072 63 ) 
4 149 150 (3072 -2048 9978.230469 ) (3072 -2048 63 ) (3072 -3072 63 ) (3072 -3072 9978.230469 ) 
4 150 176 (3072 -3072 63 ) (3072 -3072 9978.230469 ) (2048 -3072 9978.230469 ) (2048 -3072 63 ) 
4 150 155 (2048 -3072 63 ) (2048 -3072 9978.230469 ) (2048 -2048 9978.230469 ) (2048 -2048 63 ) 
4 151 153 (2048 -1024 63 ) (2048 -1024 9978.230469 ) (1024 -1024 9978.230469 ) (1024 -1024 63 ) 
4 151 152 (1024 -1024 63 ) (1024 -1024 9978.230469 ) (1024 0 9978.230469 ) (1024 0 63 ) 
4 152 295 (0 0 9978.230469 ) (0 0 63 ) (0 -1024 63 ) (0 -1024 9978.230469 ) 
4 152 154 (0 -1024 9978.230469 ) (0 -1024 63 ) (1024 -1024 63 ) (1024 -1024 9978.230469 ) 
4 153 155 (2048 -2048 63 ) (2048 -2048 9978.230469 ) (1024 -2048 9978.230469 ) (1024 -2048 63 ) 
4 153 154 (1024 -2048 63 ) (1024 -2048 9978.230469 ) (1024 -1024 9978.230469 ) (1024 -1024 63 ) 
4 154 298 (0 -2048 63 ) (0 -2048 9978.230469 ) (0 -1024 9978.230469 ) (0 -1024 63 ) 
4 154 160 (1024 -2048 63 ) (1024 -2048 64 ) (0 -2048 64 ) (0 -2048 63 ) 
4 154 157 (416 -2048 9978.230469 ) (160 -2048 9978.230469 ) (160 -2048 64 ) (416 -2048 64 ) 
4 154 156 (1024 -2048 64 ) (1024 -2048 9978.230469 ) (416 -2048 9978.230469 ) (416 -2048 64 ) 
4 154 159 (160 -2048 9978.230469 ) (0 -2048 9978.230469 ) (0 -2048 64 ) (160 -2048 64 ) 
4 155 187 (2048 -3072 63 ) (2048 -3072 9978.230469 ) (1024 -3072 9978.230469 ) (1024 -3072 63 ) 
4 155 160 (1024 -2048 64 ) (1024 -2048 63 ) (1024 -3072 63 ) (1024 -3072 64 ) 
4 155 156 (1024 -2048 9978.230469 ) (1024 -2048 64 ) (1024 -3072 64 ) (1024 -3072 9978.230469 ) 
4 156 190 (960 -3072 65 ) (416 -3072 65 ) (416 -3072 64 ) (960 -3072 64 ) 
4 156 189 (1024 -3072 64 ) (1024 -3072 65 ) (960 -3072 65 ) (960 -3072 64 ) 
4 156 188 (1024 -3072 65 ) (1024 -3072 9978.230469 ) (416 -3072 9978.230469 ) (416 -3072 65 ) 
4 156 160 (1024 -2048 64 ) (1024 -3072 64 ) (416 -3072 64 ) (416 -2048 64 ) 
4 156 158 (416 -3072 65 ) (416 -3072 9978.230469 ) (416 -2912 9978.230469 ) (416 -2912 65 ) 
4 156 157 (416 -2048 64 ) (416 -2912 64 ) (416 -2912 9978.230469 ) (416 -2048 9978.230469 ) 
4 157 160 (160 -2912 64 ) (160 -2048 64 ) (416 -2048 64 ) (416 -2912 64 ) 
4 157 158 (160 -2912 9978.230469 ) (160 -2912 65 ) (416 -2912 65 ) (416 -2912 9978.230469 ) 
4 157 159 (160 -2048 64 ) (160 -2912 64 ) (160 -2912 9978.230469 ) (160 -2048 9978.230469 ) 
4 158 188 (416 -3072 9978.230469 ) (160 -3072 9978.230469 ) (160 -3072 65 ) (416 -3072 65 ) 
4 158 159 (160 -3072 65 ) (160 -3072 9978.230469 ) (160 -2912 9978.230469 ) (160 -2912 65 ) 
4 159 299 (0 -3072 64 ) (0 -3072 9978.230469 ) (0 -2048 9978.230469 ) (0 -2048 64 ) 
4 159 192 (0 -3072 65 ) (0 -3072 64 ) (160 -3072 64 ) (160 -3072 65 ) 
4 159 188 (160 -3072 9978.230469 ) (0 -3072 9978.230469 ) (0 -3072 65 ) (160 -3072 65 ) 
4 159 160 (160 -3072 64 ) (0 -3072 64 ) (0 -2048 64 ) (160 -2048 64 ) 
4 160 299 (0 -3072 63 ) (0 -3072 64 ) (0 -2048 64 ) (0 -2048 63 ) 
4 160 194 (1024 -3072 63 ) (1024 -3072 64 ) (0 -3072 64 ) (0 -3072 63 ) 
4 161 166 (5120 -4096 64 ) (5120 -4096 9978.230469 ) (5008 -4096 9978.230469 ) (5008 -4096 64 ) 
4 161 165 (5120 -4096 64 ) (5008 -4096 64 ) (5008 -3072 64 ) (5120 -3072 64 ) 
4 161 163 (5008 -3072 64 ) (5008 -4096 64 ) (5008 -4096 176 ) (5008 -3072 176 ) 
4 161 162 (5008 -4096 176 ) (5008 -4096 9978.230469 ) (5008 -3072 9978.230469 ) (5008 -3072 176 ) 
4 162 167 (5008 -4096 9978.230469 ) (4976 -4096 9978.230469 ) (4976 -4096 176 ) (5008 -4096 176 ) 
4 162 164 (4976 -4096 176 ) (4976 -4096 9978.230469 ) (4976 -3072 9978.230469 ) (4976 -3072 176 ) 
4 162 163 (4976 -4096 176 ) (4976 -3072 176 ) (5008 -3072 176 ) (5008 -4096 176 ) 
4 163 168 (4976 -4096 176 ) (4976 -4096 64 ) (5008 -4096 64 ) (5008 -4096 176 ) 
4 163 165 (5008 -4096 64 ) (4976 -4096 64 ) (4976 -3072 64 ) (5008 -3072 64 ) 
4 163 164 (4976 -3072 64 ) (4976 -4096 64 ) (4976 -4096 176 ) (4976 -3072 176 ) 
4 164 175 (4096 -3072 9978.230469 ) (4096 -3072 64 ) (4096 -4096 64 ) (4096 -4096 9978.230469 ) 
4 164 170 (4976 -4096 9978.230469 ) (4096 -4096 9978.230469 ) (4096 -4096 64 ) (4976 -4096 64 ) 
4 164 165 (4976 -4096 64 ) (4096 -4096 64 ) (4096 -3072 64 ) (4976 -3072 64 ) 
4 165 175 (4096 -3072 64 ) (4096 -3072 63 ) (4096 -4096 63 ) (4096 -4096 64 ) 
4 165 174 (5120 -4096 63 ) (5120 -4096 64 ) (4096 -4096 64 ) (4096 -4096 63 ) 
4 166 174 (5120 -5120 64 ) (5008 -5120 64 ) (5008 -4096 64 ) (5120 -4096 64 ) 
4 166 168 (5008 -4096 64 ) (5008 -4496 64 ) (5008 -4496 176 ) (5008 -4096 176 ) 
4 166 167 (5008 -4496 176 ) (5008 -4496 9978.230469 ) (5008 -4096 9978.230469 ) (5008 -4096 176 ) 
4 166 169 (5008 -4496 64 ) (5008 -5120 64 ) (5008 -5120 9978.230469 ) (5008 -4496 9978.230469 ) 
4 167 171 (4976 -4496 176 ) (4976 -4496 9978.230469 ) (4976 -4464 9978.230469 ) (4976 -4464 176 ) 
4 167 170 (4976 -4464 9978.230469 ) (4976 -4096 9978.230469 ) (4976 -4096 176 ) (4976 -4464 176 ) 
4 167 169 (4976 -4496 9978.230469 ) (4976 -4496 176 ) (5008 -4496 176 ) (5008 -4496 9978.230469 ) 
4 167 168 (5008 -4496 176 ) (4976 -4496 176 ) (4976 -4096 176 ) (5008 -4096 176 ) 
4 168 174 (4976 -4496 64 ) (4976 -4096 64 ) (5008 -4096 64 ) (5008 -4496 64 ) 
4 168 172 (4976 -4464 64 ) (4976 -4496 64 ) (4976 -4496 176 ) (4976 -4464 176 ) 
4 168 170 (4976 -4096 64 ) (4976 -4464 64 ) (4976 -4464 176 ) (4976 -4096 176 ) 
4 168 169 (4976 -4496 176 ) (4976 -4496 64 ) (5008 -4496 64 ) (5008 -4496 176 ) 
4 169 174 (5008 -5120 64 ) (4976 -5120 64 ) (4976 -4496 64 ) (5008 -4496 64 ) 
4 169 173 (4976 -4496 64 ) (4976 -5120 64 ) (4976 -5120 9978.230469 ) (4976 -4496 9978.230469 ) 
4 170 177 (4096 -4464 9978.230469 ) (4096 -4096 9978.230469 ) (4096 -4096 64 ) (4096 -4464 64 ) 
4 170 174 (4096 -4464 64 ) (4096 -4096 64 ) (4976 -4096 64 ) (4976 -4464 64 ) 
4 170 172 (4096 -4464 64 ) (4976 -4464 64 ) (4976 -4464 176 ) (4096 -4464 176 ) 
4 170 171 (4976 -4464 176 ) (4976 -4464 9978.230469 ) (4096 -4464 9978.230469 ) (4096 -4464 176 ) 
4 171 178 (4096 -4496 9978.230469 ) (4096 -4464 9978.230469 ) (4096 -4464 176 ) (4096 -4496 176 ) 
4 171 173 (4976 -4496 176 ) (4976 -4496 9978.230469 ) (4096 -4496 9978.230469 ) (4096 -4496 176 ) 
4 171 172 (4976 -4496 176 ) (4096 -4496 176 ) (4096 -4464 176 ) (4976 -4464 176 ) 
4 172 179 (4096 -4464 176 ) (4096 -4464 64 ) (4096 -4496 64 ) (4096 -4496 176 ) 
4 172 174 (4096 -4496 64 ) (4096 -4464 64 ) (4976 -4464 64 ) (4976 -4496 64 ) 
4 172 173 (4096 -4496 64 ) (4976 -4496 64 ) (4976 -4496 176 ) (4096 -4496 176 ) 
4 173 180 (4096 -5120 64 ) (4096 -5120 9978.230469 ) (4096 -4496 9978.230469 ) (4096 -4496 64 ) 
4 173 174 (4976 -5120 64 ) (4096 -5120 64 ) (4096 -4496 64 ) (4976 -4496 64 ) 
4 174 181 (4096 -5120 63 ) (4096 -5120 64 ) (4096 -4096 64 ) (4096 -4096 63 ) 
4 175 181 (4096 -4096 63 ) (4096 -4096 64 ) (3072 -4096 64 ) (3072 -4096 63 ) 
4 175 177 (4096 -4096 64 ) (4096 -4096 9978.230469 ) (3072 -4096 9978.230469 ) (3072 -4096 64 ) 
4 175 176 (3072 -3072 9978.230469 ) (3072 -3072 63 ) (3072 -4096 63 ) (3072 -4096 9978.230469 ) 
4 176 187 (2048 -3072 9978.230469 ) (2048 -3072 63 ) (2048 -4096 63 ) (2048 -4096 9978.230469 ) 
4 176 182 (3072 -4096 64 ) (3072 -4096 9978.230469 ) (2048 -4096 9978.230469 ) (2048 -4096 64 ) 
4 176 186 (3072 -4096 63 ) (3072 -4096 64 ) (2048 -4096 64 ) (2048 -4096 63 ) 
4 177 182 (3072 -4096 9978.230469 ) (3072 -4096 64 ) (3072 -4464 64 ) (3072 -4464 9978.230469 ) 
4 177 181 (3072 -4464 64 ) (3072 -4096 64 ) (4096 -4096 64 ) (4096 -4464 64 ) 
4 177 179 (3072 -4464 64 ) (4096 -4464 64 ) (4096 -4464 176 ) (3072 -4464 176 ) 
4 177 178 (4096 -4464 176 ) (4096 -4464 9978.230469 ) (3072 -4464 9978.230469 ) (3072 -4464 176 ) 
4 178 183 (3072 -4496 176 ) (3072 -4496 9978.230469 ) (3072 -4464 9978.230469 ) (3072 -4464 176 ) 
4 178 180 (4096 -4496 176 ) (4096 -4496 9978.230469 ) (3072 -4496 9978.230469 ) (3072 -4496 176 ) 
4 178 179 (4096 -4496 176 ) (3072 -4496 176 ) (3072 -4464 176 ) (4096 -4464 176 ) 
4 179 184 (3072 -4464 64 ) (3072 -4496 64 ) (3072 -4496 176 ) (3072 -4464 176 ) 
4 179 181 (3072 -4496 64 ) (3072 -4464 64 ) (4096 -4464 64 ) (4096 -4496 64 ) 
4 179 180 (3072 -4496 64 ) (4096 -4496 64 ) (4096 -4496 176 ) (3072 -4496 176 ) 
4 180 185 (3072 -4496 64 ) (3072 -5120 64 ) (3072 -5120 9978.230469 ) (3072 -4496 9978.230469 ) 
4 180 181 (4096 -5120 64 ) (3072 -5120 64 ) (3072 -4496 64 ) (4096 -4496 64 ) 
4 181 186 (3072 -4096 64 ) (3072 -4096 63 ) (3072 -5120 63 ) (3072 -5120 64 ) 
4 182 195 (2048 -4464 9978.230469 ) (2048 -4096 9978.230469 ) (2048 -4096 64 ) (2048 -4464 64 ) 
4 182 184 (2048 -4464 64 ) (3072 -4464 64 ) (3072 -4464 176 ) (2048 -4464 176 ) 
4 182 183 (3072 -4464 176 ) (3072 -4464 9978.230469 ) (2048 -4464 9978.230469 ) (2048 -4464 176 ) 
4 182 186 (3072 -4096 64 ) (3072 -4464 64 ) (2048 -4464 64 ) (2048 -4096 64 ) 
4 183 196 (2048 -4496 9978.230469 ) (2048 -4464 9978.230469 ) (2048 -4464 176 ) (2048 -4496 176 ) 
4 183 185 (3072 -4496 176 ) (3072 -4496 9978.230469 ) (2048 -4496 9978.230469 ) (2048 -4496 176 ) 
4 183 184 (3072 -4496 176 ) (2048 -4496 176 ) (2048 -4464 176 ) (3072 -4464 176 ) 
4 184 197 (2048 -4464 176 ) (2048 -4464 64 ) (2048 -4496 64 ) (2048 -4496 176 ) 
4 184 186 (3072 -4464 64 ) (3072 -4496 64 ) (2048 -4496 64 ) (2048 -4464 64 ) 
4 184 185 (2048 -4496 64 ) (3072 -4496 64 ) (3072 -4496 176 ) (2048 -4496 176 ) 
4 185 198 (2048 -5120 64 ) (2048 -5120 9978.230469 ) (2048 -4496 9978.230469 ) (2048 -4496 64 ) 
4 185 186 (3072 -4496 64 ) (3072 -5120 64 ) (2048 -5120 64 ) (2048 -4496 64 ) 
4 186 202 (2048 -5120 63 ) (2048 -5120 64 ) (2048 -4096 64 ) (2048 -4096 63 ) 
4 187 202 (2048 -4096 63 ) (2048 -4096 64 ) (1024 -4096 64 ) (1024 -4096 63 ) 
4 187 200 (1024 -4096 256 ) (1024 -4096 64 ) (1152 -4096 64 ) (1152 -4096 256 ) 
4 187 199 (1152 -4096 9978.230469 ) (1024 -4096 9978.230469 ) (1024 -4096 256 ) (1152 -4096 256 ) 
4 187 195 (2048 -4096 64 ) (2048 -4096 9978.230469 ) (1152 -4096 9978.230469 ) (1152 -4096 64 ) 
4 187 194 (1024 -3072 64 ) (1024 -3072 63 ) (1024 -4096 63 ) (1024 -4096 64 ) 
4 187 189 (1024 -3072 65 ) (1024 -3072 64 ) (1024 -4096 64 ) (1024 -4096 65 ) 
4 187 188 (1024 -3072 9978.230469 ) (1024 -3072 65 ) (1024 -4096 65 ) (1024 -4096 9978.230469 ) 
4 188 323 (0 -3712 9978.230469 ) (0 -3456 9978.230469 ) (0 -3456 65 ) (0 -3712 65 ) 
4 188 322 (0 -3456 9978.230469 ) (0 -3072 9978.230469 ) (0 -3072 65 ) (0 -3456 65 ) 
4 188 324 (0 -4096 65 ) (0 -4096 9978.230469 ) (0 -3712 9978.230469 ) (0 -3712 65 ) 
4 188 291 (64 -4096 9978.230469 ) (0 -4096 9978.230469 ) (0 -4096 65 ) (64 -4096 65 ) 
4 188 248 (160 -4096 320 ) (64 -4096 320 ) (64 -4096 65 ) (160 -4096 65 ) 
4 188 246 (398 -4096 320 ) (160 -4096 320 ) (160 -4096 65 ) (398 -4096 65 ) 
4 188 245 (398 -4096 66 ) (398 -4096 65 ) (400 -4096 65 ) (400 -4096 66 ) 
4 188 244 (398 -4096 98 ) (398 -4096 66 ) (400 -4096 66 ) (400 -4096 98 ) 
4 188 232 (398 -4096 206 ) (398 -4096 98 ) (400 -4096 98 ) (400 -4096 206 ) 
4 188 229 (400 -4096 320 ) (398 -4096 320 ) (398 -4096 206 ) (400 -4096 206 ) 
4 188 227 (400 -4096 278 ) (400 -4096 65 ) (416 -4096 65 ) (416 -4096 278 ) 
4 188 226 (416 -4096 320 ) (400 -4096 320 ) (400 -4096 278 ) (416 -4096 278 ) 
4 188 225 (512 -4096 320 ) (416 -4096 320 ) (416 -4096 65 ) (512 -4096 65 ) 
4 188 224 (576 -4096 320 ) (512 -4096 320 ) (512 -4096 65 ) (576 -4096 65 ) 
4 188 223 (640 -4096 320 ) (576 -4096 320 ) (576 -4096 65 ) (640 -4096 65 ) 
4 188 220 (768 -4096 320 ) (640 -4096 320 ) (640 -4096 65 ) (768 -4096 65 ) 
4 188 219 (832 -4096 320 ) (768 -4096 320 ) (768 -4096 65 ) (832 -4096 65 ) 
4 188 216 (960 -4096 320 ) (832 -4096 320 ) (832 -4096 65 ) (960 -4096 65 ) 
4 188 215 (1024 -4096 65 ) (1024 -4096 320 ) (960 -4096 320 ) (960 -4096 65 ) 
4 188 207 (512 -4096 9978.230469 ) (64 -4096 9978.230469 ) (64 -4096 320 ) (512 -4096 320 ) 
4 188 204 (576 -4096 9978.230469 ) (512 -4096 9978.230469 ) (512 -4096 320 ) (576 -4096 320 ) 
4 188 203 (1024 -4096 320 ) (1024 -4096 9978.230469 ) (576 -4096 9978.230469 ) (576 -4096 320 ) 
4 188 192 (0 -3456 65 ) (0 -3072 65 ) (160 -3072 65 ) (160 -3456 65 ) 
4 188 193 (160 -4096 65 ) (0 -4096 65 ) (0 -3712 65 ) (160 -3712 65 ) 
4 188 190 (416 -3456 65 ) (416 -3072 65 ) (960 -3072 65 ) (960 -3456 65 ) 
4 188 191 (960 -4096 65 ) (416 -4096 65 ) (416 -3712 65 ) (960 -3712 65 ) 
4 188 189 (1024 -4096 65 ) (960 -4096 65 ) (960 -3072 65 ) (1024 -3072 65 ) 
4 189 215 (1024 -4096 64 ) (1024 -4096 65 ) (960 -4096 65 ) (960 -4096 64 ) 
4 189 194 (1024 -3072 64 ) (1024 -4096 64 ) (960 -4096 64 ) (960 -3072 64 ) 
4 189 190 (960 -3072 64 ) (960 -3456 64 ) (960 -3456 65 ) (960 -3072 65 ) 
4 189 191 (960 -3712 64 ) (960 -4096 64 ) (960 -4096 65 ) (960 -3712 65 ) 
4 190 194 (416 -3456 64 ) (416 -3072 64 ) (960 -3072 64 ) (960 -3456 64 ) 
4 191 225 (512 -4096 65 ) (416 -4096 65 ) (416 -4096 64 ) (512 -4096 64 ) 
4 191 224 (576 -4096 65 ) (512 -4096 65 ) (512 -4096 64 ) (576 -4096 64 ) 
4 191 223 (640 -4096 65 ) (576 -4096 65 ) (576 -4096 64 ) (640 -4096 64 ) 
4 191 220 (768 -4096 65 ) (640 -4096 65 ) (640 -4096 64 ) (768 -4096 64 ) 
4 191 219 (832 -4096 65 ) (768 -4096 65 ) (768 -4096 64 ) (832 -4096 64 ) 
4 191 216 (960 -4096 65 ) (832 -4096 65 ) (832 -4096 64 ) (960 -4096 64 ) 
4 191 194 (960 -4096 64 ) (416 -4096 64 ) (416 -3712 64 ) (960 -3712 64 ) 
4 192 322 (0 -3456 65 ) (0 -3072 65 ) (0 -3072 64 ) (0 -3456 64 ) 
4 192 194 (0 -3456 64 ) (0 -3072 64 ) (160 -3072 64 ) (160 -3456 64 ) 
4 193 324 (0 -4096 64 ) (0 -4096 65 ) (0 -3712 65 ) (0 -3712 64 ) 
4 193 291 (64 -4096 65 ) (0 -4096 65 ) (0 -4096 64 ) (64 -4096 64 ) 
4 193 248 (160 -4096 65 ) (64 -4096 65 ) (64 -4096 64 ) (160 -4096 64 ) 
4 193 194 (160 -4096 64 ) (0 -4096 64 ) (0 -3712 64 ) (160 -3712 64 ) 
4 194 326 (0 -4096 63 ) (0 -4096 64 ) (0 -3072 64 ) (0 -3072 63 ) 
4 194 291 (64 -4096 64 ) (0 -4096 64 ) (0 -4096 63 ) (64 -4096 63 ) 
4 194 290 (1024 -4096 63 ) (1024 -4096 64 ) (64 -4096 64 ) (64 -4096 63 ) 
4 195 202 (1152 -4096 64 ) (2048 -4096 64 ) (2048 -4464 64 ) (1152 -4464 64 ) 
4 195 200 (1152 -4096 256 ) (1152 -4096 64 ) (1152 -4352 64 ) (1152 -4352 256 ) 
4 195 199 (1152 -4096 9978.230469 ) (1152 -4096 256 ) (1152 -4464 256 ) (1152 -4464 9978.230469 ) 
4 195 197 (1152 -4464 176 ) (1152 -4464 64 ) (2048 -4464 64 ) (2048 -4464 176 ) 
4 195 196 (2048 -4464 9978.230469 ) (1152 -4464 9978.230469 ) (1152 -4464 176 ) (2048 -4464 176 ) 
4 196 199 (1152 -4496 256 ) (1152 -4496 9978.230469 ) (1152 -4464 9978.230469 ) (1152 -4464 256 ) 
4 196 198 (2048 -4496 9978.230469 ) (1152 -4496 9978.230469 ) (1152 -4496 176 ) (2048 -4496 176 ) 
4 196 197 (2048 -4496 176 ) (1152 -4496 176 ) (1152 -4464 176 ) (2048 -4464 176 ) 
4 197 202 (2048 -4464 64 ) (2048 -4496 64 ) (1152 -4496 64 ) (1152 -4464 64 ) 
4 197 198 (1152 -4496 176 ) (1152 -4496 64 ) (2048 -4496 64 ) (2048 -4496 176 ) 
4 198 202 (2048 -4496 64 ) (2048 -5120 64 ) (1152 -5120 64 ) (1152 -4496 64 ) 
4 198 201 (1152 -4608 64 ) (1152 -5120 64 ) (1152 -5120 256 ) (1152 -4608 256 ) 
4 198 199 (1152 -5120 256 ) (1152 -5120 9978.230469 ) (1152 -4496 9978.230469 ) (1152 -4496 256 ) 
4 199 265 (1024 -4672 256 ) (1024 -5120 256 ) (1024 -5120 320 ) (1024 -4672 320 ) 
4 199 215 (1024 -4096 320 ) (1024 -4096 256 ) (1024 -4288 256 ) (1024 -4288 320 ) 
4 199 203 (1024 -4096 9978.230469 ) (1024 -4096 320 ) (1024 -5120 320 ) (1024 -5120 9978.230469 ) 
4 199 200 (1024 -4096 256 ) (1152 -4096 256 ) (1152 -4352 256 ) (1024 -4352 256 ) 
4 199 201 (1152 -4608 256 ) (1152 -5120 256 ) (1024 -5120 256 ) (1024 -4608 256 ) 
4 200 215 (1024 -4096 256 ) (1024 -4096 64 ) (1024 -4288 64 ) (1024 -4288 256 ) 
4 200 202 (1024 -4096 64 ) (1152 -4096 64 ) (1152 -4352 64 ) (1024 -4352 64 ) 
4 201 265 (1024 -4672 64 ) (1024 -5120 64 ) (1024 -5120 256 ) (1024 -4672 256 ) 
4 201 202 (1152 -4608 64 ) (1152 -5120 64 ) (1024 -5120 64 ) (1024 -4608 64 ) 
4 202 290 (1024 -4096 64 ) (1024 -4096 63 ) (1024 -5120 63 ) (1024 -5120 64 ) 
4 203 265 (1024 -5120 320 ) (576 -5120 320 ) (576 -4672 320 ) (1024 -4672 320 ) 
4 203 223 (576 -4288 320 ) (576 -4096 320 ) (640 -4096 320 ) (640 -4288 320 ) 
4 203 221 (768 -4352 320 ) (768 -4608 320 ) (640 -4608 320 ) (640 -4352 320 ) 
4 203 220 (640 -4096 320 ) (768 -4096 320 ) (768 -4352 320 ) (640 -4352 320 ) 
4 203 222 (768 -4608 320 ) (768 -4672 320 ) (640 -4672 320 ) (640 -4608 320 ) 
4 203 219 (768 -4096 320 ) (832 -4096 320 ) (832 -4288 320 ) (768 -4288 320 ) 
4 203 217 (960 -4352 320 ) (960 -4608 320 ) (832 -4608 320 ) (832 -4352 320 ) 
4 203 216 (832 -4096 320 ) (960 -4096 320 ) (960 -4352 320 ) (832 -4352 320 ) 
4 203 218 (960 -4608 320 ) (960 -4672 320 ) (832 -4672 320 ) (832 -4608 320 ) 
4 203 215 (960 -4096 320 ) (1024 -4096 320 ) (1024 -4288 320 ) (960 -4288 320 ) 
4 203 205 (576 -4224 320 ) (576 -4736 320 ) (576 -4736 9978.230469 ) (576 -4224 9978.230469 ) 
4 203 204 (576 -4096 320 ) (576 -4224 320 ) (576 -4224 9978.230469 ) (576 -4096 9978.230469 ) 
4 203 206 (576 -4736 320 ) (576 -5120 320 ) (576 -5120 9978.230469 ) (576 -4736 9978.230469 ) 
4 204 224 (512 -4224 320 ) (512 -4096 320 ) (576 -4096 320 ) (576 -4224 320 ) 
4 204 207 (512 -4096 320 ) (512 -4224 320 ) (512 -4224 9978.230469 ) (512 -4096 9978.230469 ) 
4 204 205 (576 -4224 320.003845 ) (576 -4224 9978.230469 ) (512 -4224 9978.230469 ) (512 -4224 512.004883 ) 
4 205 210 (512 -4736 512.003967 ) (512 -4736 842.682251 ) (512 -4224 842.682739 ) (512 -4224 512.004883 ) 
4 205 209 (512 -4736 842.682251 ) (512 -4736 1712.674316 ) (512 -4224 1712.674805 ) (512 -4224 842.682739 ) 
4 205 208 (512 -4736 1712.674316 ) (512 -4736 9978.230469 ) (512 -4224 9978.230469 ) (512 -4224 1712.674805 ) 
4 205 206 (576 -4736 320.003845 ) (576 -4736 9978.230469 ) (512 -4736 9978.230469 ) (512 -4736 512.004883 ) 
4 206 266 (576 -5120 320 ) (512 -5120 320 ) (512 -4736 320 ) (576 -4736 320 ) 
4 206 214 (512 -4736 320 ) (512 -5120 320 ) (512 -5120 480 ) (512 -4736 480 ) 
4 206 212 (512 -5120 480 ) (512 -5120 9978.230469 ) (512 -4736 9978.230469 ) (512 -4736 480 ) 
4 207 291 (64 -4096 9978.230469 ) (64 -4096 320 ) (64 -4224 320 ) (64 -4224 9978.230469 ) 
4 207 248 (64 -4224 320 ) (64 -4096 320 ) (160 -4096 320 ) (160 -4224 320 ) 
4 207 246 (160 -4096 320 ) (398 -4096 320 ) (398 -4224 320 ) (160 -4224 320 ) 
4 207 229 (398 -4096 320 ) (400 -4096 320 ) (400 -4224 320 ) (398 -4224 320 ) 
4 207 226 (400 -4096 320 ) (416 -4096 320 ) (416 -4224 320 ) (400 -4224 320 ) 
4 207 225 (416 -4096 320 ) (512 -4096 320 ) (512 -4224 320 ) (416 -4224 320 ) 
3 207 211 (446.368225 -4224 660.577271 ) (399.632751 -4224 789.166504 ) (288.004089 -4224 736.002014 ) 
4 207 210 (511.998627 -4224 480 ) (512 -4224 480 ) (512 -4224 842.682739 ) (399.632751 -4224 789.166504 ) 
3 207 209 (512 -4224 842.682739 ) (512 -4224 1712.674072 ) (129.627014 -4224 660.572998 ) 
4 207 208 (64 -4224 9978.230469 ) (64 -4224 480 ) (512 -4224 1712.674072 ) (512 -4224 9978.230469 ) 
4 208 292 (64 -4736 9978.230469 ) (64 -4224 9978.230469 ) (64 -4224 511.998047 ) (64 -4736 511.997986 ) 
4 208 209 (512 -4736 1712.667969 ) (129.629425 -4736 660.573608 ) (129.629669 -4224 660.574341 ) (512 -4224 1712.667969 ) 
4 208 212 (64 -4736 480 ) (512 -4736 1712.674072 ) (512 -4736 9978.230469 ) (64 -4736 9978.230469 ) 
4 209 211 (399.632477 -4736 789.165405 ) (288.003052 -4736 736 ) (288.004242 -4224 736.001953 ) (399.632751 -4224 789.166382 ) 
4 209 210 (512 -4736 842.681641 ) (399.632477 -4736 789.165405 ) (399.632751 -4224 789.166382 ) (512 -4224 842.682617 ) 
3 209 212 (512 -4736 842.682251 ) (512 -4736 1712.674072 ) (129.626801 -4736 660.572388 ) 
4 210 211 (446.370117 -4736 660.574585 ) (399.632294 -4736 789.169312 ) (399.632660 -4224 789.169983 ) (446.370056 -4224 660.576416 ) 
4 210 212 (511.997986 -4736 480 ) (512 -4736 480 ) (512 -4736 842.682251 ) (399.632324 -4736 789.165771 ) 
3 211 212 (446.368225 -4736 660.575439 ) (399.632324 -4736 789.165771 ) (288.002747 -4736 736 ) 
4 212 294 (64 -5120 480 ) (64 -5120 9978.230469 ) (64 -4736 9978.230469 ) (64 -4736 480 ) 
4 212 214 (64 -5120 480 ) (64 -4736 480 ) (512 -4736 480 ) (512 -5120 480 ) 
4 213 214 (512 -4734 324 ) (512 -4734 480 ) (64 -4734 480 ) (64 -4734 324 ) 
4 214 294 (64 -5120 320 ) (64 -5120 480 ) (64 -4736 480 ) (64 -4736 320 ) 
4 214 285 (156 -4753 320 ) (156 -4736 320 ) (160 -4736 320 ) (160 -4753 320 ) 
4 214 288 (160 -5120 320 ) (156 -5120 320 ) (156 -4753 320 ) (160 -4753 320 ) 
4 214 289 (156 -5120 320 ) (64 -5120 320 ) (64 -4736 320 ) (156 -4736 320 ) 
4 214 280 (164 -4737 320 ) (164 -4734 320 ) (280 -4734 320 ) (280 -4737 320 ) 
4 214 283 (280 -5120 320 ) (164 -5120 320 ) (164 -4737 320 ) (280 -4737 320 ) 
4 214 278 (288 -5120 320 ) (280 -5120 320 ) (280 -4734 320 ) (288 -4734 320 ) 
4 214 284 (164 -5120 320 ) (160 -5120 320 ) (160 -4734 320 ) (164 -4734 320 ) 
4 214 273 (288 -4752 320 ) (288 -4738 320 ) (292 -4738 320 ) (292 -4752 320 ) 
4 214 274 (292 -5120 320 ) (288 -5120 320 ) (288 -4752 320 ) (292 -4752 320 ) 
4 214 272 (416 -5120 320 ) (292 -5120 320 ) (292 -4738 320 ) (416 -4738 320 ) 
4 214 270 (288 -4738 320 ) (288 -4734 320 ) (416 -4734 320 ) (416 -4738 320 ) 
4 214 269 (512 -5120 320 ) (416 -5120 320 ) (416 -4736 320 ) (512 -4736 320 ) 
4 215 290 (960 -4096 64 ) (1024 -4096 64 ) (1024 -4288 64 ) (960 -4288 64 ) 
4 215 216 (960 -4096 64 ) (960 -4288 64 ) (960 -4288 320 ) (960 -4096 320 ) 
4 216 290 (832 -4096 64 ) (960 -4096 64 ) (960 -4352 64 ) (832 -4352 64 ) 
4 216 219 (832 -4096 64 ) (832 -4288 64 ) (832 -4288 320 ) (832 -4096 320 ) 
4 216 217 (832 -4352 320 ) (832 -4352 256 ) (960 -4352 256 ) (960 -4352 320 ) 
4 217 218 (832 -4608 320 ) (832 -4608 256 ) (960 -4608 256 ) (960 -4608 320 ) 
4 218 290 (960 -4608 64 ) (960 -4672 64 ) (832 -4672 64 ) (832 -4608 64 ) 
4 218 265 (832 -4672 64 ) (960 -4672 64 ) (960 -4672 320 ) (832 -4672 320 ) 
4 219 290 (768 -4096 64 ) (832 -4096 64 ) (832 -4288 64 ) (768 -4288 64 ) 
4 219 220 (768 -4096 64 ) (768 -4288 64 ) (768 -4288 320 ) (768 -4096 320 ) 
4 220 290 (640 -4096 64 ) (768 -4096 64 ) (768 -4352 64 ) (640 -4352 64 ) 
4 220 223 (640 -4096 64 ) (640 -4288 64 ) (640 -4288 320 ) (640 -4096 320 ) 
4 220 221 (640 -4352 320 ) (640 -4352 256 ) (768 -4352 256 ) (768 -4352 320 ) 
4 221 222 (640 -4608 320 ) (640 -4608 256 ) (768 -4608 256 ) (768 -4608 320 ) 
4 222 290 (768 -4608 64 ) (768 -4672 64 ) (640 -4672 64 ) (640 -4608 64 ) 
4 222 265 (640 -4672 64 ) (768 -4672 64 ) (768 -4672 320 ) (640 -4672 320 ) 
4 223 290 (576 -4096 64 ) (640 -4096 64 ) (640 -4288 64 ) (576 -4288 64 ) 
4 223 224 (576 -4096 64 ) (576 -4224 64 ) (576 -4224 320 ) (576 -4096 320 ) 
4 224 290 (512 -4096 64 ) (576 -4096 64 ) (576 -4224 64 ) (512 -4224 64 ) 
4 224 225 (512 -4096 64 ) (512 -4224 64 ) (512 -4224 320 ) (512 -4096 320 ) 
4 225 290 (416 -4096 64 ) (512 -4096 64 ) (512 -4224 64 ) (416 -4224 64 ) 
4 225 227 (416 -4224 65 ) (416 -4224 278 ) (416 -4096 278 ) (416 -4096 65 ) 
4 225 226 (416 -4224 278 ) (416 -4224 320 ) (416 -4096 320 ) (416 -4096 278 ) 
4 226 229 (400 -4228 320 ) (400 -4096 320 ) (400 -4096 278 ) (400 -4228 278 ) 
4 226 227 (416 -4096 278 ) (416 -4228 278 ) (400 -4228 278 ) (400 -4096 278 ) 
4 227 245 (400 -4240 65 ) (400 -4240 66 ) (400 -4096 66 ) (400 -4096 65 ) 
4 227 244 (400 -4240 66 ) (400 -4240 98 ) (400 -4096 98 ) (400 -4096 66 ) 
4 227 232 (400 -4240 98 ) (400 -4240 206 ) (400 -4096 206 ) (400 -4096 98 ) 
4 227 230 (400 -4240 206 ) (400 -4240 278 ) (400 -4228 278 ) (400 -4228 206 ) 
4 227 229 (400 -4228 278 ) (400 -4096 278 ) (400 -4096 206 ) (400 -4228 206 ) 
4 227 228 (400 -4240 208 ) (400 -4240 65 ) (416 -4240 65 ) (416 -4240 208 ) 
4 228 267 (512 -4672 65 ) (512 -4672 208 ) (400 -4672 208 ) (400 -4672 65 ) 
4 228 245 (400 -4336 66 ) (400 -4240 66 ) (400 -4240 65 ) (400 -4336 65 ) 
4 228 244 (400 -4336 98 ) (400 -4240 98 ) (400 -4240 66 ) (400 -4336 66 ) 
4 228 243 (400 -4672 98 ) (400 -4672 174 ) (400 -4416 174 ) (400 -4416 98 ) 
5 228 242 (400 -4416 174 ) (400 -4361.466797 174 ) (400 -4391.001953 108.998566 ) (400 -4415.200195 98 ) (400 -4416 98 ) 
3 228 241 (400 -4391.001953 108.998566 ) (400 -4396 98 ) (400 -4415.200195 98 ) 
5 228 240 (400 -4361.466797 174 ) (400 -4336 174 ) (400 -4336 133.998062 ) (400 -4372.770020 117.285309 ) (400 -4380.005859 133.198959 ) 
5 228 239 (400 -4336 133.998062 ) (400 -4336 98 ) (400 -4344.811035 98 ) (400 -4369.001953 108.998001 ) (400 -4372.770020 117.285309 ) 
4 228 238 (400 -4380.001465 113.998634 ) (400 -4387.235840 117.287621 ) (400 -4380.005859 133.198959 ) (400 -4372.770020 117.285309 ) 
3 228 237 (400 -4369.001953 108.998001 ) (400 -4380.001465 113.998634 ) (400 -4372.770020 117.285309 ) 
3 228 235 (400 -4391.001953 108.998589 ) (400 -4387.235840 117.287621 ) (400 -4380.001465 113.998634 ) 
5 228 234 (400 -4364.001465 98 ) (400 -4396 98 ) (400 -4391.001953 108.998589 ) (400 -4380.001465 113.998634 ) (400 -4369.001953 108.998001 ) 
3 228 236 (400 -4344.811035 98 ) (400 -4364.001465 98 ) (400 -4369.001953 108.998001 ) 
4 228 233 (400 -4672 174 ) (400 -4672 176 ) (400 -4336 176 ) (400 -4336 174 ) 
4 228 232 (400 -4336 206 ) (400 -4240 206 ) (400 -4240 98 ) (400 -4336 98 ) 
4 228 231 (400 -4336 208 ) (400 -4240 208 ) (400 -4240 206 ) (400 -4336 206 ) 
4 229 246 (398 -4228 320 ) (398 -4096 320 ) (398 -4096 206 ) (398 -4228 206 ) 
4 229 232 (398 -4228 206 ) (398 -4096 206 ) (400 -4096 206 ) (400 -4228 206 ) 
4 229 230 (398 -4228 278 ) (398 -4228 206 ) (400 -4228 206 ) (400 -4228 278 ) 
4 230 247 (398 -4228 278 ) (398 -4228 206 ) (398 -4240 206 ) (398 -4240 278 ) 
4 230 232 (398 -4240 206 ) (398 -4228 206 ) (400 -4228 206 ) (400 -4240 206 ) 
4 230 231 (398 -4240 208 ) (398 -4240 206 ) (400 -4240 206 ) (400 -4240 208 ) 
4 231 249 (398 -4336 208 ) (398 -4240 208 ) (398 -4240 206 ) (398 -4336 206 ) 
4 231 232 (398 -4336 206 ) (398 -4240 206 ) (400 -4240 206 ) (400 -4336 206 ) 
4 232 249 (398 -4336 206 ) (398 -4240 206 ) (398 -4240 98 ) (398 -4336 98 ) 
4 232 247 (398 -4240 206 ) (398 -4228 206 ) (398 -4228 98 ) (398 -4240 98 ) 
4 232 246 (398 -4228 206 ) (398 -4096 206 ) (398 -4096 98 ) (398 -4228 98 ) 
4 232 244 (398 -4336 98 ) (398 -4096 98 ) (400 -4096 98 ) (400 -4336 98 ) 
4 232 240 (400 -4336 133.998062 ) (400 -4336 174 ) (398 -4336 174 ) (398 -4336 133.998062 ) 
4 232 239 (398 -4336 98 ) (400 -4336 98 ) (400 -4336 133.998062 ) (398 -4336 133.998062 ) 
4 232 233 (400 -4336 174 ) (400 -4336 176 ) (398 -4336 176 ) (398 -4336 174 ) 
4 233 267 (400 -4672 174 ) (400 -4672 176 ) (398 -4672 176 ) (398 -4672 174 ) 
4 233 256 (398 -4672 174 ) (398 -4672 176 ) (398 -4670 176 ) (398 -4670 174 ) 
4 233 255 (398 -4670 176 ) (398 -4338 176 ) (398 -4338 174 ) (398 -4670 174 ) 
4 233 250 (398 -4338 176 ) (398 -4336 176 ) (398 -4336 174 ) (398 -4338 174 ) 
4 233 243 (398 -4672 174 ) (398 -4416 174 ) (400 -4416 174 ) (400 -4672 174 ) 
4 233 242 (398 -4416 174 ) (398 -4361.466797 174 ) (400 -4361.466309 174 ) (400 -4416 174 ) 
4 233 240 (398 -4361.466797 174 ) (398 -4336 174 ) (400 -4336 174 ) (400 -4361.466309 174 ) 
5 234 255 (398 -4364 98 ) (398 -4396 98 ) (398 -4391.002441 108.998367 ) (398 -4379.998047 114 ) (398 -4369.001953 109 ) 
4 234 241 (398 -4396 98 ) (400 -4396 98 ) (400 -4391.002441 108.998512 ) (398 -4391.003418 108.998016 ) 
4 234 237 (400 -4380.001953 113.998367 ) (400 -4369.001465 108.997169 ) (398 -4369.001465 109 ) (398 -4379.998535 114 ) 
4 234 236 (398 -4369 108.996567 ) (400 -4369 108.993568 ) (400 -4364.001465 98 ) (398 -4364 98 ) 
4 234 235 (400 -4380 113.998238 ) (398 -4379.996582 114 ) (398 -4391.002930 108.997177 ) (400 -4391.002441 108.997437 ) 
3 235 255 (398 -4391.002441 108.998367 ) (398 -4387.234863 117.290230 ) (398 -4379.998047 114 ) 
4 235 242 (400 -4391.002441 108.998512 ) (400 -4387.235840 117.287788 ) (398 -4387.235352 117.290375 ) (398 -4391.003418 108.998016 ) 
4 235 238 (398 -4387.234375 117.289627 ) (400 -4387.235352 117.286972 ) (400 -4380.001953 113.998367 ) (398 -4379.998535 114 ) 
3 236 255 (398 -4344.804688 98 ) (398 -4364 98 ) (398 -4369.001953 109 ) 
4 236 239 (400 -4369.001465 108.997169 ) (400 -4344.812988 98 ) (398 -4344.806152 98 ) (398 -4369.001465 109 ) 
3 237 255 (398 -4369.001953 109 ) (398 -4379.998047 114 ) (398 -4372.769043 117.285805 ) 
4 237 239 (400 -4369 108.993576 ) (398 -4369 108.996574 ) (398 -4372.769531 117.285774 ) (400 -4372.770508 117.285217 ) 
4 237 238 (400 -4372.769043 117.284943 ) (398 -4372.768066 117.285454 ) (398 -4379.996582 114 ) (400 -4380 113.998238 ) 
4 238 255 (398 -4379.998047 114 ) (398 -4387.234863 117.290230 ) (398 -4380.005371 133.200821 ) (398 -4372.769043 117.285805 ) 
4 238 242 (400 -4387.235840 117.287788 ) (400 -4380.005859 133.199081 ) (398 -4380.005371 133.201523 ) (398 -4387.235352 117.290375 ) 
4 238 240 (398 -4372.769531 117.285774 ) (398 -4380.005371 133.198776 ) (400 -4380.005859 133.196777 ) (400 -4372.770508 117.285217 ) 
5 239 255 (398 -4338 98 ) (398 -4344.804688 98 ) (398 -4369.001953 109 ) (398 -4372.769043 117.285797 ) (398 -4338 133.089020 ) 
4 239 251 (398 -4336 133.998062 ) (398 -4336 98 ) (398 -4338 98 ) (398 -4338 133.089020 ) 
4 239 240 (400 -4336 133.997055 ) (398 -4336 133.997055 ) (398 -4372.768066 117.285454 ) (400 -4372.769043 117.284943 ) 
5 240 255 (398 -4361.466797 174 ) (398 -4338 174 ) (398 -4338 133.089020 ) (398 -4372.769043 117.285797 ) (398 -4380.005371 133.200821 ) 
4 240 251 (398 -4338 174 ) (398 -4336 174 ) (398 -4336 133.998062 ) (398 -4338 133.089020 ) 
4 240 242 (400 -4380.005859 133.199081 ) (400 -4361.466797 174 ) (398 -4361.467285 174 ) (398 -4380.005371 133.201523 ) 
3 241 255 (398 -4391.002441 108.998421 ) (398 -4396 98 ) (398 -4415.200684 98 ) 
4 241 242 (400 -4391.002930 108.998322 ) (398 -4391.003418 108.998062 ) (398 -4415.201660 98 ) (400 -4415.201660 98 ) 
5 242 255 (398 -4416 174 ) (398 -4361.466797 174 ) (398 -4391.002441 108.998421 ) (398 -4415.200684 98 ) (398 -4416 98 ) 
4 242 243 (398 -4416 98 ) (400 -4416 98 ) (400 -4416 174 ) (398 -4416 174 ) 
4 243 267 (400 -4672 98 ) (400 -4672 174 ) (398 -4672 174 ) (398 -4672 98 ) 
4 243 257 (398 -4672 98 ) (398 -4672 174 ) (398 -4670 174 ) (398 -4670 98 ) 
4 243 255 (398 -4670 174 ) (398 -4416 174 ) (398 -4416 98 ) (398 -4670 98 ) 
4 244 249 (398 -4336 98 ) (398 -4240 98 ) (398 -4240 66 ) (398 -4336 66 ) 
4 244 247 (398 -4240 98 ) (398 -4228 98 ) (398 -4228 66 ) (398 -4240 66 ) 
4 244 246 (398 -4228 98 ) (398 -4096 98 ) (398 -4096 66 ) (398 -4228 66 ) 
4 244 245 (398 -4336 66 ) (398 -4096 66 ) (400 -4096 66 ) (400 -4336 66 ) 
4 245 249 (398 -4336 66 ) (398 -4240 66 ) (398 -4240 65 ) (398 -4336 65 ) 
4 245 247 (398 -4240 66 ) (398 -4228 66 ) (398 -4228 65 ) (398 -4240 65 ) 
4 245 246 (398 -4228 66 ) (398 -4096 66 ) (398 -4096 65 ) (398 -4228 65 ) 
4 246 248 (160 -4224 320 ) (160 -4096 320 ) (160 -4096 65 ) (160 -4224 65 ) 
4 246 247 (160 -4228 278 ) (160 -4228 65 ) (398 -4228 65 ) (398 -4228 278 ) 
4 247 249 (398 -4240 65 ) (398 -4240 208 ) (160 -4240 208 ) (160 -4240 65 ) 
4 248 291 (64 -4224 320 ) (64 -4096 320 ) (64 -4096 64 ) (64 -4224 64 ) 
4 248 290 (64 -4224 64 ) (64 -4096 64 ) (160 -4096 64 ) (160 -4224 64 ) 
4 249 264 (288 -4336 208 ) (64 -4336 208 ) (64 -4336 65 ) (288 -4336 65 ) 
4 249 262 (288 -4336 174 ) (288 -4336 98 ) (290 -4336 98 ) (290 -4336 174 ) 
4 249 261 (288 -4336 176 ) (288 -4336 174 ) (290 -4336 174 ) (290 -4336 176 ) 
4 249 263 (288 -4336 98 ) (288 -4336 96 ) (290 -4336 96 ) (290 -4336 98 ) 
4 249 259 (336 -4336 96 ) (290 -4336 96 ) (290 -4336 66 ) (336 -4336 66 ) 
4 249 251 (398 -4336 98 ) (398 -4336 174 ) (336 -4336 174 ) (336 -4336 98 ) 
4 249 250 (398 -4336 174 ) (398 -4336 176 ) (336 -4336 176 ) (336 -4336 174 ) 
4 249 252 (398 -4336 96 ) (398 -4336 98 ) (336 -4336 98 ) (336 -4336 96 ) 
4 249 253 (336 -4336 176 ) (290 -4336 176 ) (290 -4336 96 ) (336 -4336 96 ) 
4 250 255 (398 -4338 174 ) (398 -4338 176 ) (336 -4338 176 ) (336 -4338 174 ) 
4 250 253 (336 -4338 174 ) (336 -4338 176 ) (336 -4336 176 ) (336 -4336 174 ) 
4 250 251 (398 -4338 174 ) (336 -4338 174 ) (336 -4336 174 ) (398 -4336 174 ) 
4 251 255 (398 -4338 98 ) (398 -4338 174 ) (336 -4338 174 ) (336 -4338 98 ) 
4 251 252 (398 -4338 98 ) (336 -4338 98 ) (336 -4336 98 ) (398 -4336 98 ) 
4 251 253 (336 -4338 98 ) (336 -4338 174 ) (336 -4336 174 ) (336 -4336 98 ) 
4 252 255 (336 -4338 96 ) (398 -4338 96 ) (398 -4338 98 ) (336 -4338 98 ) 
4 252 253 (336 -4336 96 ) (336 -4338 96 ) (336 -4338 98 ) (336 -4336 98 ) 
4 253 262 (290 -4336 174 ) (290 -4336 98 ) (290 -4338 98 ) (290 -4338 174 ) 
4 253 261 (290 -4336 176 ) (290 -4336 174 ) (290 -4338 174 ) (290 -4338 176 ) 
4 253 263 (290 -4336 98 ) (290 -4336 96 ) (290 -4338 96 ) (290 -4338 98 ) 
4 253 259 (290 -4338 96 ) (290 -4336 96 ) (336 -4336 96 ) (336 -4338 96 ) 
4 253 255 (290 -4338 96 ) (336 -4338 96 ) (336 -4338 176 ) (290 -4338 176 ) 
4 254 255 (290 -4670 176 ) (290 -4338 176 ) (398 -4338 176 ) (398 -4670 176 ) 
4 255 262 (290 -4670 98 ) (290 -4670 174 ) (290 -4338 174 ) (290 -4338 98 ) 
4 255 261 (290 -4670 174 ) (290 -4670 176 ) (290 -4338 176 ) (290 -4338 174 ) 
4 255 263 (290 -4338 96 ) (290 -4670 96 ) (290 -4670 98 ) (290 -4338 98 ) 
4 255 260 (290 -4670 96 ) (290 -4338 96 ) (398 -4338 96 ) (398 -4670 96 ) 
4 255 257 (398 -4670 98 ) (398 -4670 174 ) (290 -4670 174 ) (290 -4670 98 ) 
4 255 256 (398 -4670 174 ) (398 -4670 176 ) (290 -4670 176 ) (290 -4670 174 ) 
4 255 258 (290 -4670 96 ) (398 -4670 96 ) (398 -4670 98 ) (290 -4670 98 ) 
4 256 267 (398 -4672 174 ) (398 -4672 176 ) (334 -4672 176 ) (334 -4672 174 ) 
4 256 261 (290 -4672 174 ) (290 -4672 176 ) (290 -4670 176 ) (290 -4670 174 ) 
4 256 257 (290 -4672 174 ) (290 -4670 174 ) (398 -4670 174 ) (398 -4672 174 ) 
4 257 267 (398 -4672 98 ) (398 -4672 174 ) (334 -4672 174 ) (334 -4672 98 ) 
4 257 262 (290 -4672 98 ) (290 -4672 174 ) (290 -4670 174 ) (290 -4670 98 ) 
4 257 258 (290 -4672 98 ) (290 -4670 98 ) (398 -4670 98 ) (398 -4672 98 ) 
4 258 267 (398 -4672 96 ) (398 -4672 98 ) (334 -4672 98 ) (334 -4672 96 ) 
4 258 263 (290 -4670 96 ) (290 -4672 96 ) (290 -4672 98 ) (290 -4670 98 ) 
4 259 260 (290 -4338 66 ) (336 -4338 66 ) (336 -4338 96 ) (290 -4338 96 ) 
4 261 264 (288 -4336 176 ) (288 -4336 174 ) (288 -4672 174 ) (288 -4672 176 ) 
4 261 262 (288 -4672 174 ) (288 -4336 174 ) (290 -4336 174 ) (290 -4672 174 ) 
4 262 264 (288 -4336 174 ) (288 -4336 98 ) (288 -4672 98 ) (288 -4672 174 ) 
4 262 263 (288 -4672 98 ) (288 -4336 98 ) (290 -4336 98 ) (290 -4672 98 ) 
4 263 264 (288 -4336 98 ) (288 -4336 96 ) (288 -4672 96 ) (288 -4672 98 ) 
4 264 268 (288 -4672 65 ) (288 -4672 208 ) (64 -4672 208 ) (64 -4672 65 ) 
4 265 290 (576 -4672 64 ) (1024 -4672 64 ) (1024 -5120 64 ) (576 -5120 64 ) 
4 265 266 (576 -4736 64 ) (576 -5120 64 ) (576 -5120 320 ) (576 -4736 320 ) 
4 266 290 (576 -4736 64 ) (576 -5120 64 ) (512 -5120 64 ) (512 -4736 64 ) 
4 266 269 (512 -4736 64 ) (512 -5120 64 ) (512 -5120 320 ) (512 -4736 320 ) 
4 267 271 (416 -4720 208 ) (334 -4720 208 ) (334 -4720 65 ) (416 -4720 65 ) 
4 268 279 (280 -4720 208 ) (164 -4720 208 ) (164 -4720 65 ) (280 -4720 65 ) 
4 268 278 (288 -4720 65 ) (288 -4720 208 ) (280 -4720 208 ) (280 -4720 65 ) 
4 268 284 (164 -4720 208 ) (160 -4720 208 ) (160 -4720 65 ) (164 -4720 65 ) 
4 269 290 (512 -4736 64 ) (512 -5120 64 ) (416 -5120 64 ) (416 -4736 64 ) 
4 269 272 (416 -5120 65 ) (416 -5120 320 ) (416 -4738 320 ) (416 -4738 65 ) 
4 269 271 (416 -4738 65 ) (416 -4738 217.944016 ) (416 -4736 217.944016 ) (416 -4736 65 ) 
4 269 270 (416 -4738 217.944016 ) (416 -4738 320 ) (416 -4736 320 ) (416 -4736 217.944016 ) 
4 270 278 (288 -4720 320 ) (288 -4720 217.944016 ) (288 -4738 217.944016 ) (288 -4738 320 ) 
4 270 273 (288 -4738 320 ) (288 -4738 217.944016 ) (292 -4738 217.944016 ) (292 -4738 320 ) 
4 270 272 (292 -4738 217.944016 ) (416 -4738 217.944016 ) (416 -4738 320 ) (292 -4738 320 ) 
4 270 271 (416 -4738 217.944016 ) (334 -4738 217.944016 ) (334 -4720 217.944016 ) (416 -4720 217.944016 ) 
4 271 272 (416 -4738 65 ) (416 -4738 217.944016 ) (334 -4738 217.944016 ) (334 -4738 65 ) 
4 272 275 (292 -4738 184 ) (292 -4738 100 ) (292 -4755 100 ) (292 -4755 184 ) 
4 272 276 (292 -4738 90 ) (292 -4738 65 ) (292 -4755 65 ) (292 -4755 90 ) 
4 272 277 (292 -4755 65 ) (292 -5120 65 ) (292 -5120 184 ) (292 -4755 184 ) 
4 272 273 (292 -4738 320 ) (292 -4738 192 ) (292 -4752 192 ) (292 -4752 320 ) 
4 272 274 (292 -4752 184 ) (292 -5120 184 ) (292 -5120 320 ) (292 -4752 320 ) 
4 273 278 (288 -4752 320 ) (288 -4738 320 ) (288 -4738 192 ) (288 -4752 192 ) 
4 273 274 (288 -4752 320 ) (288 -4752 192 ) (292 -4752 192 ) (292 -4752 320 ) 
4 274 278 (288 -5120 184 ) (288 -5120 320 ) (288 -4752 320 ) (288 -4752 184 ) 
4 274 275 (288 -4755 184 ) (288 -4752 184 ) (292 -4752 184 ) (292 -4755 184 ) 
4 274 277 (288 -5120 184 ) (288 -4755 184 ) (292 -4755 184 ) (292 -5120 184 ) 
4 275 278 (288 -4755 184 ) (288 -4738 184 ) (288 -4738 100 ) (288 -4755 100 ) 
4 275 277 (292 -4755 100 ) (292 -4755 184 ) (288 -4755 184 ) (288 -4755 100 ) 
4 276 278 (288 -4738 90 ) (288 -4738 65 ) (288 -4755 65 ) (288 -4755 90 ) 
4 276 277 (288 -4755 65 ) (292 -4755 65 ) (292 -4755 90 ) (288 -4755 90 ) 
4 277 278 (288 -5120 65 ) (288 -5120 184 ) (288 -4755 184 ) (288 -4755 65 ) 
4 278 281 (280 -4737 66 ) (280 -4737 216 ) (280 -4731 216 ) (280 -4731 66 ) 
4 278 280 (280 -4737 216 ) (280 -4737 320 ) (280 -4731 320 ) (280 -4731 216 ) 
4 278 282 (280 -4731 65 ) (280 -4737 65 ) (280 -4737 66 ) (280 -4731 66 ) 
4 278 279 (280 -4720 320 ) (280 -4720 65 ) (280 -4731 65 ) (280 -4731 320 ) 
4 278 283 (280 -4737 65 ) (280 -5120 65 ) (280 -5120 320 ) (280 -4737 320 ) 
4 279 281 (164 -4731 216 ) (164 -4731 66 ) (280 -4731 66 ) (280 -4731 216 ) 
4 279 280 (164 -4731 320 ) (164 -4731 216 ) (280 -4731 216 ) (280 -4731 320 ) 
4 279 282 (164 -4731 66 ) (164 -4731 65 ) (280 -4731 65 ) (280 -4731 66 ) 
4 279 284 (164 -4720 320 ) (164 -4720 65 ) (164 -4731 65 ) (164 -4731 320 ) 
4 280 283 (164 -4737 320 ) (164 -4737 216 ) (280 -4737 216 ) (280 -4737 320 ) 
4 280 284 (164 -4737 216 ) (164 -4737 320 ) (164 -4731 320 ) (164 -4731 216 ) 
4 280 281 (280 -4737 216 ) (164 -4737 216 ) (164 -4731 216 ) (280 -4731 216 ) 
4 281 282 (280 -4737 66 ) (164 -4737 66 ) (164 -4731 66 ) (280 -4731 66 ) 
4 281 283 (164 -4737 216 ) (164 -4737 66 ) (280 -4737 66 ) (280 -4737 216 ) 
4 281 284 (164 -4737 66 ) (164 -4737 216 ) (164 -4731 216 ) (164 -4731 66 ) 
4 282 284 (164 -4731 65 ) (164 -4737 65 ) (164 -4737 66 ) (164 -4731 66 ) 
4 282 283 (164 -4737 66 ) (164 -4737 65 ) (280 -4737 65 ) (280 -4737 66 ) 
4 283 284 (164 -4737 65 ) (164 -5120 65 ) (164 -5120 320 ) (164 -4737 320 ) 
4 284 286 (160 -4753 100 ) (160 -4753 184 ) (160 -4736 184 ) (160 -4736 100 ) 
4 284 287 (160 -4736 65 ) (160 -4753 65 ) (160 -4753 88 ) (160 -4736 88 ) 
4 284 285 (160 -4753 192 ) (160 -4753 320 ) (160 -4736 320 ) (160 -4736 192 ) 
4 284 288 (160 -4753 65 ) (160 -5120 65 ) (160 -5120 320 ) (160 -4753 320 ) 
4 285 289 (156 -4736 320 ) (156 -4736 192 ) (156 -4753 192 ) (156 -4753 320 ) 
4 285 288 (156 -4753 320 ) (156 -4753 192 ) (160 -4753 192 ) (160 -4753 320 ) 
4 286 288 (156 -4753 184 ) (156 -4753 100 ) (160 -4753 100 ) (160 -4753 184 ) 
4 286 289 (156 -4736 184 ) (156 -4736 100 ) (156 -4753 100 ) (156 -4753 184 ) 
4 287 290 (156 -4736 64 ) (160 -4736 64 ) (160 -4753 64 ) (156 -4753 64 ) 
4 287 289 (156 -4736 88 ) (156 -4736 64 ) (156 -4753 64 ) (156 -4753 88 ) 
4 287 288 (156 -4753 88 ) (156 -4753 64 ) (160 -4753 64 ) (160 -4753 88 ) 
4 288 290 (160 -4753 64 ) (160 -5120 64 ) (156 -5120 64 ) (156 -4753 64 ) 
4 288 289 (156 -4753 64 ) (156 -5120 64 ) (156 -5120 320 ) (156 -4753 320 ) 
4 289 294 (64 -5120 64 ) (64 -5120 320 ) (64 -4736 320 ) (64 -4736 64 ) 
4 289 290 (64 -5120 64 ) (64 -4736 64 ) (156 -4736 64 ) (156 -5120 64 ) 
4 290 294 (64 -5120 63 ) (64 -5120 64 ) (64 -4736 64 ) (64 -4736 63 ) 
4 290 293 (64 -4736 64 ) (64 -4224 64 ) (64 -4224 63 ) (64 -4736 63 ) 
4 290 291 (64 -4224 64 ) (64 -4096 64 ) (64 -4096 63 ) (64 -4224 63 ) 
4 291 347 (0 -4224 63 ) (0 -4224 64 ) (0 -4096 64 ) (0 -4096 63 ) 
4 291 328 (0 -4224 64 ) (0 -4224 320 ) (0 -4096 320 ) (0 -4096 64 ) 
4 291 327 (0 -4224 320 ) (0 -4224 9978.230469 ) (0 -4096 9978.230469 ) (0 -4096 320 ) 
4 291 293 (64 -4224 63 ) (64 -4224 64 ) (0 -4224 64 ) (0 -4224 63 ) 
4 291 292 (64 -4224 511.997986 ) (64 -4224 9978.230469 ) (0 -4224 9978.230469 ) (0 -4224 319.998047 ) 
4 292 327 (0 -4736 319.997986 ) (0 -4736 9978.230469 ) (0 -4224 9978.230469 ) (0 -4224 319.998047 ) 
4 292 294 (0 -4736 9978.230469 ) (0 -4736 319.998047 ) (64 -4736 511.997986 ) (64 -4736 9978.230469 ) 
4 293 347 (0 -4736 63 ) (0 -4736 64 ) (0 -4224 64 ) (0 -4224 63 ) 
4 293 294 (0 -4736 64 ) (0 -4736 63 ) (64 -4736 63 ) (64 -4736 64 ) 
4 294 347 (0 -5120 63 ) (0 -5120 64 ) (0 -4736 64 ) (0 -4736 63 ) 
4 294 329 (0 -5120 64 ) (0 -5120 320 ) (0 -4736 320 ) (0 -4736 64 ) 
4 294 327 (0 -5120 320 ) (0 -5120 9978.230469 ) (0 -4736 9978.230469 ) (0 -4736 320 ) 
4 295 298 (0 -1024 63 ) (0 -1024 9978.230469 ) (-1024 -1024 9978.230469 ) (-1024 -1024 63 ) 
4 295 296 (-1024 0 9978.230469 ) (-1024 0 63 ) (-1024 -1024 63 ) (-1024 -1024 9978.230469 ) 
4 296 300 (-1024 -1024 63 ) (-1024 -1024 9978.230469 ) (-2048 -1024 9978.230469 ) (-2048 -1024 63 ) 
4 296 297 (-2048 -1024 63 ) (-2048 -1024 9978.230469 ) (-2048 0 9978.230469 ) (-2048 0 63 ) 
4 297 304 (-3072 0 9978.230469 ) (-3072 0 63 ) (-3072 -1024 63 ) (-3072 -1024 9978.230469 ) 
4 297 301 (-2048 -1024 63 ) (-2048 -1024 9978.230469 ) (-3072 -1024 9978.230469 ) (-3072 -1024 63 ) 
4 298 300 (-1024 -1024 9978.230469 ) (-1024 -1024 63 ) (-1024 -2048 63 ) (-1024 -2048 9978.230469 ) 
4 298 299 (0 -2048 63 ) (0 -2048 9978.230469 ) (-1024 -2048 9978.230469 ) (-1024 -2048 63 ) 
4 299 326 (0 -3072 63 ) (0 -3072 64 ) (-1024 -3072 64 ) (-1024 -3072 63 ) 
4 299 322 (0 -3072 64 ) (0 -3072 9978.230469 ) (-384 -3072 9978.230469 ) (-384 -3072 64 ) 
4 299 325 (-384 -3072 9978.230469 ) (-1024 -3072 9978.230469 ) (-1024 -3072 64 ) (-384 -3072 64 ) 
4 299 302 (-1024 -3072 63 ) (-1024 -3072 9978.230469 ) (-1024 -2048 9978.230469 ) (-1024 -2048 63 ) 
4 300 302 (-1024 -2048 63 ) (-1024 -2048 9978.230469 ) (-2048 -2048 9978.230469 ) (-2048 -2048 63 ) 
4 300 301 (-2048 -1024 9978.230469 ) (-2048 -1024 63 ) (-2048 -2048 63 ) (-2048 -2048 9978.230469 ) 
4 301 310 (-3072 -2048 63 ) (-3072 -2048 9978.230469 ) (-3072 -1024 9978.230469 ) (-3072 -1024 63 ) 
4 301 303 (-2048 -2048 63 ) (-2048 -2048 9978.230469 ) (-3072 -2048 9978.230469 ) (-3072 -2048 63 ) 
4 302 348 (-1024 -3072 63 ) (-1024 -3072 9978.230469 ) (-2048 -3072 9978.230469 ) (-2048 -3072 63 ) 
4 302 303 (-2048 -2048 9978.230469 ) (-2048 -2048 63 ) (-2048 -3072 63 ) (-2048 -3072 9978.230469 ) 
4 303 349 (-2048 -3072 63 ) (-2048 -3072 9978.230469 ) (-3072 -3072 9978.230469 ) (-3072 -3072 63 ) 
4 303 316 (-3072 -3072 63 ) (-3072 -3072 9978.230469 ) (-3072 -2048 9978.230469 ) (-3072 -2048 63 ) 
4 304 310 (-3072 -1024 63 ) (-3072 -1024 9978.230469 ) (-4096 -1024 9978.230469 ) (-4096 -1024 63 ) 
4 304 309 (-4096 -1024 63 ) (-4096 -1024 64 ) (-4096 0 64 ) (-4096 0 63 ) 
4 304 305 (-4096 -1024 64 ) (-4096 -1024 9978.230469 ) (-4096 0 9978.230469 ) (-4096 0 64 ) 
4 305 311 (-4096 -1024 64 ) (-4096 -1024 9978.230469 ) (-4880 -1024 9978.230469 ) (-4880 -1024 64 ) 
4 305 309 (-4880 0 64 ) (-4096 0 64 ) (-4096 -1024 64 ) (-4880 -1024 64 ) 
4 305 307 (-4880 0 64 ) (-4880 -1024 64 ) (-4880 -1024 176 ) (-4880 0 176 ) 
4 305 306 (-4880 -1024 176 ) (-4880 -1024 9978.230469 ) (-4880 0 9978.230469 ) (-4880 0 176 ) 
4 306 312 (-4880 -1024 9978.230469 ) (-4912 -1024 9978.230469 ) (-4912 -1024 176 ) (-4880 -1024 176 ) 
4 306 308 (-4912 -1024 176 ) (-4912 -1024 9978.230469 ) (-4912 0 9978.230469 ) (-4912 0 176 ) 
4 306 307 (-4912 -1024 176 ) (-4912 0 176 ) (-4880 0 176 ) (-4880 -1024 176 ) 
4 307 313 (-4912 -1024 176 ) (-4912 -1024 64 ) (-4880 -1024 64 ) (-4880 -1024 176 ) 
4 307 309 (-4912 0 64 ) (-4880 0 64 ) (-4880 -1024 64 ) (-4912 -1024 64 ) 
4 307 308 (-4912 0 64 ) (-4912 -1024 64 ) (-4912 -1024 176 ) (-4912 0 176 ) 
4 308 314 (-4912 -1024 9978.230469 ) (-5120 -1024 9978.230469 ) (-5120 -1024 64 ) (-4912 -1024 64 ) 
4 308 309 (-5120 0 64 ) (-4912 0 64 ) (-4912 -1024 64 ) (-5120 -1024 64 ) 
4 309 315 (-4096 -1024 63 ) (-4096 -1024 64 ) (-5120 -1024 64 ) (-5120 -1024 63 ) 
4 310 316 (-3072 -2048 63 ) (-3072 -2048 9978.230469 ) (-4096 -2048 9978.230469 ) (-4096 -2048 63 ) 
4 310 315 (-4096 -2048 63 ) (-4096 -2048 64 ) (-4096 -1024 64 ) (-4096 -1024 63 ) 
4 310 311 (-4096 -2048 64 ) (-4096 -2048 9978.230469 ) (-4096 -1024 9978.230469 ) (-4096 -1024 64 ) 
4 311 317 (-4880 -2048 64 ) (-4096 -2048 64 ) (-4096 -2048 9978.230469 ) (-4880 -2048 9978.230469 ) 
4 311 315 (-4880 -1024 64 ) (-4096 -1024 64 ) (-4096 -2048 64 ) (-4880 -2048 64 ) 
4 311 313 (-4880 -1024 64 ) (-4880 -2048 64 ) (-4880 -2048 176 ) (-4880 -1024 176 ) 
4 311 312 (-4880 -2048 176 ) (-4880 -2048 9978.230469 ) (-4880 -1024 9978.230469 ) (-4880 -1024 176 ) 
4 312 318 (-4880 -2048 176 ) (-4880 -2048 9978.230469 ) (-4912 -2048 9978.230469 ) (-4912 -2048 176 ) 
4 312 314 (-4912 -2048 176 ) (-4912 -2048 9978.230469 ) (-4912 -1024 9978.230469 ) (-4912 -1024 176 ) 
4 312 313 (-4912 -2048 176 ) (-4912 -1024 176 ) (-4880 -1024 176 ) (-4880 -2048 176 ) 
4 313 319 (-4912 -2048 64 ) (-4880 -2048 64 ) (-4880 -2048 176 ) (-4912 -2048 176 ) 
4 313 315 (-4912 -1024 64 ) (-4880 -1024 64 ) (-4880 -2048 64 ) (-4912 -2048 64 ) 
4 313 314 (-4912 -1024 64 ) (-4912 -2048 64 ) (-4912 -2048 176 ) (-4912 -1024 176 ) 
4 314 320 (-5120 -2048 9978.230469 ) (-5120 -2048 64 ) (-4912 -2048 64 ) (-4912 -2048 9978.230469 ) 
4 314 315 (-5120 -1024 64 ) (-4912 -1024 64 ) (-4912 -2048 64 ) (-5120 -2048 64 ) 
4 315 321 (-5120 -2048 64 ) (-5120 -2048 63 ) (-4096 -2048 63 ) (-4096 -2048 64 ) 
4 316 360 (-3072 -3072 63 ) (-3072 -3072 9978.230469 ) (-4096 -3072 9978.230469 ) (-4096 -3072 63 ) 
4 316 321 (-4096 -2048 64 ) (-4096 -2048 63 ) (-4096 -3072 63 ) (-4096 -3072 64 ) 
4 316 317 (-4096 -2048 9978.230469 ) (-4096 -2048 64 ) (-4096 -3072 64 ) (-4096 -3072 9978.230469 ) 
4 317 361 (-4096 -3072 64 ) (-4096 -3072 9978.230469 ) (-4880 -3072 9978.230469 ) (-4880 -3072 64 ) 
4 317 321 (-4880 -2048 64 ) (-4096 -2048 64 ) (-4096 -3072 64 ) (-4880 -3072 64 ) 
4 317 319 (-4880 -2048 64 ) (-4880 -3072 64 ) (-4880 -3072 176 ) (-4880 -2048 176 ) 
4 317 318 (-4880 -3072 176 ) (-4880 -3072 9978.230469 ) (-4880 -2048 9978.230469 ) (-4880 -2048 176 ) 
4 318 362 (-4880 -3072 9978.230469 ) (-4912 -3072 9978.230469 ) (-4912 -3072 176 ) (-4880 -3072 176 ) 
4 318 320 (-4912 -3072 176 ) (-4912 -3072 9978.230469 ) (-4912 -2048 9978.230469 ) (-4912 -2048 176 ) 
4 318 319 (-4912 -3072 176 ) (-4912 -2048 176 ) (-4880 -2048 176 ) (-4880 -3072 176 ) 
4 319 363 (-4912 -3072 176 ) (-4912 -3072 64 ) (-4880 -3072 64 ) (-4880 -3072 176 ) 
4 319 321 (-4912 -2048 64 ) (-4880 -2048 64 ) (-4880 -3072 64 ) (-4912 -3072 64 ) 
4 319 320 (-4912 -2048 64 ) (-4912 -3072 64 ) (-4912 -3072 176 ) (-4912 -2048 176 ) 
4 320 364 (-4912 -3072 9978.230469 ) (-5120 -3072 9978.230469 ) (-5120 -3072 64 ) (-4912 -3072 64 ) 
4 320 321 (-5120 -3072 64 ) (-5120 -2048 64 ) (-4912 -2048 64 ) (-4912 -3072 64 ) 
4 321 365 (-4096 -3072 63 ) (-4096 -3072 64 ) (-5120 -3072 64 ) (-5120 -3072 63 ) 
4 322 326 (-384 -3072 64 ) (0 -3072 64 ) (0 -3456 64 ) (-384 -3456 64 ) 
4 322 323 (-384 -3456 9978.230469 ) (-384 -3456 65 ) (0 -3456 65 ) (0 -3456 9978.230469 ) 
4 322 325 (-384 -3072 64 ) (-384 -3456 64 ) (-384 -3456 9978.230469 ) (-384 -3072 9978.230469 ) 
4 323 325 (-384 -3712 65 ) (-384 -3712 9978.230469 ) (-384 -3456 9978.230469 ) (-384 -3456 65 ) 
4 323 324 (-384 -3712 9978.230469 ) (-384 -3712 65 ) (0 -3712 65 ) (0 -3712 9978.230469 ) 
4 324 335 (-256 -4096 320 ) (-384 -4096 320 ) (-384 -4096 64 ) (-256 -4096 64 ) 
4 324 333 (-192 -4096 320 ) (-256 -4096 320 ) (-256 -4096 64 ) (-192 -4096 64 ) 
4 324 330 (-64 -4096 320 ) (-192 -4096 320 ) (-192 -4096 64 ) (-64 -4096 64 ) 
4 324 328 (0 -4096 64 ) (0 -4096 320 ) (-64 -4096 320 ) (-64 -4096 64 ) 
4 324 327 (0 -4096 320 ) (0 -4096 9978.230469 ) (-384 -4096 9978.230469 ) (-384 -4096 320 ) 
4 324 326 (0 -3712 64 ) (0 -4096 64 ) (-384 -4096 64 ) (-384 -3712 64 ) 
4 324 325 (-384 -3712 64 ) (-384 -4096 64 ) (-384 -4096 9978.230469 ) (-384 -3712 9978.230469 ) 
4 325 348 (-1024 -3072 9978.230469 ) (-1024 -3072 64 ) (-1024 -4096 64 ) (-1024 -4096 9978.230469 ) 
4 325 343 (-1024 -4096 320 ) (-1024 -4096 64 ) (-576 -4096 64 ) (-576 -4096 320 ) 
4 325 340 (-576 -4096 64 ) (-448 -4096 64 ) (-448 -4096 320 ) (-576 -4096 320 ) 
4 325 338 (-448 -4096 64 ) (-384 -4096 64 ) (-384 -4096 320 ) (-448 -4096 320 ) 
4 325 327 (-384 -4096 9978.230469 ) (-1024 -4096 9978.230469 ) (-1024 -4096 320 ) (-384 -4096 320 ) 
4 325 326 (-1024 -4096 64 ) (-1024 -3072 64 ) (-384 -3072 64 ) (-384 -4096 64 ) 
4 326 348 (-1024 -3072 64 ) (-1024 -3072 63 ) (-1024 -4096 63 ) (-1024 -4096 64 ) 
4 326 347 (0 -4096 63 ) (0 -4096 64 ) (-1024 -4096 64 ) (-1024 -4096 63 ) 
4 327 351 (-1024 -4496 9978.230469 ) (-1024 -4464 9978.230469 ) (-1024 -4464 320 ) (-1024 -4496 320 ) 
4 327 350 (-1024 -4464 9978.230469 ) (-1024 -4096 9978.230469 ) (-1024 -4096 320 ) (-1024 -4464 320 ) 
4 327 353 (-1024 -5120 320 ) (-1024 -5120 9978.230469 ) (-1024 -4496 9978.230469 ) (-1024 -4496 320 ) 
4 327 344 (-1024 -4496 320 ) (-1024 -4464 320 ) (-576 -4464 320 ) (-576 -4496 320 ) 
4 327 343 (-1024 -4464 320 ) (-1024 -4096 320 ) (-576 -4096 320 ) (-576 -4464 320 ) 
4 327 346 (-576 -5120 320 ) (-1024 -5120 320 ) (-1024 -4496 320 ) (-576 -4496 320 ) 
4 327 341 (-576 -4608 320 ) (-576 -4352 320 ) (-448 -4352 320 ) (-448 -4608 320 ) 
4 327 340 (-576 -4352 320 ) (-576 -4096 320 ) (-448 -4096 320 ) (-448 -4352 320 ) 
4 327 342 (-448 -5120 320 ) (-576 -5120 320 ) (-576 -4608 320 ) (-448 -4608 320 ) 
4 327 338 (-448 -4288 320 ) (-448 -4096 320 ) (-384 -4096 320 ) (-384 -4288 320 ) 
4 327 339 (-384 -5120 320 ) (-448 -5120 320 ) (-448 -4672 320 ) (-384 -4672 320 ) 
4 327 336 (-384 -4608 320 ) (-384 -4352 320 ) (-256 -4352 320 ) (-256 -4608 320 ) 
4 327 335 (-384 -4352 320 ) (-384 -4096 320 ) (-256 -4096 320 ) (-256 -4352 320 ) 
4 327 337 (-256 -5120 320 ) (-384 -5120 320 ) (-384 -4608 320 ) (-256 -4608 320 ) 
4 327 333 (-256 -4288 320 ) (-256 -4096 320 ) (-192 -4096 320 ) (-192 -4288 320 ) 
4 327 334 (-192 -5120 320 ) (-256 -5120 320 ) (-256 -4672 320 ) (-192 -4672 320 ) 
4 327 331 (-192 -4608 320 ) (-192 -4352 320 ) (-64 -4352 320 ) (-64 -4608 320 ) 
4 327 330 (-192 -4352 320 ) (-192 -4096 320 ) (-64 -4096 320 ) (-64 -4352 320 ) 
4 327 332 (-64 -5120 320 ) (-192 -5120 320 ) (-192 -4608 320 ) (-64 -4608 320 ) 
4 327 328 (-64 -4288 320 ) (-64 -4096 320 ) (0 -4096 320 ) (0 -4288 320 ) 
4 327 329 (0 -5120 320 ) (-64 -5120 320 ) (-64 -4672 320 ) (0 -4672 320 ) 
4 328 347 (-64 -4096 64 ) (0 -4096 64 ) (0 -4288 64 ) (-64 -4288 64 ) 
4 328 330 (-64 -4096 64 ) (-64 -4288 64 ) (-64 -4288 320 ) (-64 -4096 320 ) 
4 329 347 (0 -4672 64 ) (0 -5120 64 ) (-64 -5120 64 ) (-64 -4672 64 ) 
4 329 332 (-64 -4672 64 ) (-64 -5120 64 ) (-64 -5120 320 ) (-64 -4672 320 ) 
4 330 347 (-192 -4096 64 ) (-64 -4096 64 ) (-64 -4352 64 ) (-192 -4352 64 ) 
4 330 333 (-192 -4096 64 ) (-192 -4288 64 ) (-192 -4288 320 ) (-192 -4096 320 ) 
4 330 331 (-192 -4352 320 ) (-192 -4352 256 ) (-64 -4352 256 ) (-64 -4352 320 ) 
4 331 332 (-192 -4608 320 ) (-192 -4608 256 ) (-64 -4608 256 ) (-64 -4608 320 ) 
4 332 347 (-64 -4608 64 ) (-64 -5120 64 ) (-192 -5120 64 ) (-192 -4608 64 ) 
4 332 334 (-192 -4672 64 ) (-192 -5120 64 ) (-192 -5120 320 ) (-192 -4672 320 ) 
4 333 347 (-256 -4096 64 ) (-192 -4096 64 ) (-192 -4288 64 ) (-256 -4288 64 ) 
4 333 335 (-256 -4096 64 ) (-256 -4288 64 ) (-256 -4288 320 ) (-256 -4096 320 ) 
4 334 347 (-192 -4672 64 ) (-192 -5120 64 ) (-256 -5120 64 ) (-256 -4672 64 ) 
4 334 337 (-256 -4672 64 ) (-256 -5120 64 ) (-256 -5120 320 ) (-256 -4672 320 ) 
4 335 347 (-384 -4096 64 ) (-256 -4096 64 ) (-256 -4352 64 ) (-384 -4352 64 ) 
4 335 338 (-384 -4096 64 ) (-384 -4288 64 ) (-384 -4288 320 ) (-384 -4096 320 ) 
4 335 336 (-384 -4352 320 ) (-384 -4352 256 ) (-256 -4352 256 ) (-256 -4352 320 ) 
4 336 337 (-384 -4608 320 ) (-384 -4608 256 ) (-256 -4608 256 ) (-256 -4608 320 ) 
4 337 347 (-256 -4608 64 ) (-256 -5120 64 ) (-384 -5120 64 ) (-384 -4608 64 ) 
4 337 339 (-384 -4672 64 ) (-384 -5120 64 ) (-384 -5120 320 ) (-384 -4672 320 ) 
4 338 347 (-448 -4096 64 ) (-384 -4096 64 ) (-384 -4288 64 ) (-448 -4288 64 ) 
4 338 340 (-448 -4096 64 ) (-448 -4288 64 ) (-448 -4288 320 ) (-448 -4096 320 ) 
4 339 347 (-384 -4672 64 ) (-384 -5120 64 ) (-448 -5120 64 ) (-448 -4672 64 ) 
4 339 342 (-448 -4672 64 ) (-448 -5120 64 ) (-448 -5120 320 ) (-448 -4672 320 ) 
4 340 347 (-576 -4096 64 ) (-448 -4096 64 ) (-448 -4352 64 ) (-576 -4352 64 ) 
4 340 343 (-576 -4096 64 ) (-576 -4352 64 ) (-576 -4352 320 ) (-576 -4096 320 ) 
4 340 341 (-576 -4352 320 ) (-576 -4352 256 ) (-448 -4352 256 ) (-448 -4352 320 ) 
4 341 344 (-576 -4496 320 ) (-576 -4464 320 ) (-576 -4464 256 ) (-576 -4496 256 ) 
4 341 343 (-576 -4464 320 ) (-576 -4352 320 ) (-576 -4352 256 ) (-576 -4464 256 ) 
4 341 346 (-576 -4608 256 ) (-576 -4608 320 ) (-576 -4496 320 ) (-576 -4496 256 ) 
4 341 342 (-576 -4608 320 ) (-576 -4608 256 ) (-448 -4608 256 ) (-448 -4608 320 ) 
4 342 347 (-448 -4608 64 ) (-448 -5120 64 ) (-576 -5120 64 ) (-576 -4608 64 ) 
4 342 346 (-576 -4608 64 ) (-576 -5120 64 ) (-576 -5120 320 ) (-576 -4608 320 ) 
4 343 350 (-1024 -4464 320 ) (-1024 -4096 320 ) (-1024 -4096 64 ) (-1024 -4464 64 ) 
4 343 347 (-1024 -4464 64 ) (-1024 -4096 64 ) (-576 -4096 64 ) (-576 -4464 64 ) 
4 343 345 (-1024 -4464 64 ) (-576 -4464 64 ) (-576 -4464 176 ) (-1024 -4464 176 ) 
4 343 344 (-576 -4464 176 ) (-576 -4464 320 ) (-1024 -4464 320 ) (-1024 -4464 176 ) 
4 344 351 (-1024 -4496 320 ) (-1024 -4464 320 ) (-1024 -4464 176 ) (-1024 -4496 176 ) 
4 344 346 (-576 -4496 176 ) (-576 -4496 320 ) (-1024 -4496 320 ) (-1024 -4496 176 ) 
4 344 345 (-576 -4496 176 ) (-1024 -4496 176 ) (-1024 -4464 176 ) (-576 -4464 176 ) 
4 345 352 (-1024 -4464 176 ) (-1024 -4464 64 ) (-1024 -4496 64 ) (-1024 -4496 176 ) 
4 345 347 (-1024 -4496 64 ) (-1024 -4464 64 ) (-576 -4464 64 ) (-576 -4496 64 ) 
4 345 346 (-1024 -4496 64 ) (-576 -4496 64 ) (-576 -4496 176 ) (-1024 -4496 176 ) 
4 346 353 (-1024 -5120 64 ) (-1024 -5120 320 ) (-1024 -4496 320 ) (-1024 -4496 64 ) 
4 346 347 (-1024 -5120 64 ) (-1024 -4496 64 ) (-576 -4496 64 ) (-576 -5120 64 ) 
4 347 354 (-1024 -5120 63 ) (-1024 -5120 64 ) (-1024 -4096 64 ) (-1024 -4096 63 ) 
4 348 354 (-1024 -4096 63 ) (-1024 -4096 64 ) (-2048 -4096 64 ) (-2048 -4096 63 ) 
4 348 350 (-1024 -4096 64 ) (-1024 -4096 9978.230469 ) (-2048 -4096 9978.230469 ) (-2048 -4096 64 ) 
4 348 349 (-2048 -3072 9978.230469 ) (-2048 -3072 63 ) (-2048 -4096 63 ) (-2048 -4096 9978.230469 ) 
4 349 360 (-3072 -3072 9978.230469 ) (-3072 -3072 63 ) (-3072 -4096 63 ) (-3072 -4096 9978.230469 ) 
4 349 355 (-2048 -4096 64 ) (-2048 -4096 9978.230469 ) (-3072 -4096 9978.230469 ) (-3072 -4096 64 ) 
4 349 359 (-2048 -4096 63 ) (-2048 -4096 64 ) (-3072 -4096 64 ) (-3072 -4096 63 ) 
4 350 355 (-2048 -4096 9978.230469 ) (-2048 -4096 64 ) (-2048 -4464 64 ) (-2048 -4464 9978.230469 ) 
4 350 354 (-2048 -4096 64 ) (-1024 -4096 64 ) (-1024 -4464 64 ) (-2048 -4464 64 ) 
4 350 352 (-2048 -4464 64 ) (-1024 -4464 64 ) (-1024 -4464 176 ) (-2048 -4464 176 ) 
4 350 351 (-1024 -4464 176 ) (-1024 -4464 9978.230469 ) (-2048 -4464 9978.230469 ) (-2048 -4464 176 ) 
4 351 356 (-2048 -4496 176 ) (-2048 -4496 9978.230469 ) (-2048 -4464 9978.230469 ) (-2048 -4464 176 ) 
4 351 353 (-1024 -4496 176 ) (-1024 -4496 9978.230469 ) (-2048 -4496 9978.230469 ) (-2048 -4496 176 ) 
4 351 352 (-1024 -4496 176 ) (-2048 -4496 176 ) (-2048 -4464 176 ) (-1024 -4464 176 ) 
4 352 357 (-2048 -4464 64 ) (-2048 -4496 64 ) (-2048 -4496 176 ) (-2048 -4464 176 ) 
4 352 354 (-1024 -4464 64 ) (-1024 -4496 64 ) (-2048 -4496 64 ) (-2048 -4464 64 ) 
4 352 353 (-2048 -4496 64 ) (-1024 -4496 64 ) (-1024 -4496 176 ) (-2048 -4496 176 ) 
4 353 358 (-2048 -4496 64 ) (-2048 -5120 64 ) (-2048 -5120 9978.230469 ) (-2048 -4496 9978.230469 ) 
4 353 354 (-1024 -4496 64 ) (-1024 -5120 64 ) (-2048 -5120 64 ) (-2048 -4496 64 ) 
4 354 359 (-2048 -4096 64 ) (-2048 -4096 63 ) (-2048 -5120 63 ) (-2048 -5120 64 ) 
4 355 366 (-3072 -4464 9978.230469 ) (-3072 -4096 9978.230469 ) (-3072 -4096 64 ) (-3072 -4464 64 ) 
4 355 357 (-3072 -4464 64 ) (-2048 -4464 64 ) (-2048 -4464 176 ) (-3072 -4464 176 ) 
4 355 356 (-2048 -4464 176 ) (-2048 -4464 9978.230469 ) (-3072 -4464 9978.230469 ) (-3072 -4464 176 ) 
4 355 359 (-2048 -4096 64 ) (-2048 -4464 64 ) (-3072 -4464 64 ) (-3072 -4096 64 ) 
4 356 367 (-3072 -4496 9978.230469 ) (-3072 -4464 9978.230469 ) (-3072 -4464 176 ) (-3072 -4496 176 ) 
4 356 358 (-2048 -4496 176 ) (-2048 -4496 9978.230469 ) (-3072 -4496 9978.230469 ) (-3072 -4496 176 ) 
4 356 357 (-2048 -4496 176 ) (-3072 -4496 176 ) (-3072 -4464 176 ) (-2048 -4464 176 ) 
4 357 368 (-3072 -4464 176 ) (-3072 -4464 64 ) (-3072 -4496 64 ) (-3072 -4496 176 ) 
4 357 359 (-2048 -4464 64 ) (-2048 -4496 64 ) (-3072 -4496 64 ) (-3072 -4464 64 ) 
4 357 358 (-3072 -4496 64 ) (-2048 -4496 64 ) (-2048 -4496 176 ) (-3072 -4496 176 ) 
4 358 369 (-3072 -5120 64 ) (-3072 -5120 9978.230469 ) (-3072 -4496 9978.230469 ) (-3072 -4496 64 ) 
4 358 359 (-2048 -4496 64 ) (-2048 -5120 64 ) (-3072 -5120 64 ) (-3072 -4496 64 ) 
4 359 370 (-3072 -5120 63 ) (-3072 -5120 64 ) (-3072 -4096 64 ) (-3072 -4096 63 ) 
4 360 370 (-3072 -4096 63 ) (-3072 -4096 64 ) (-4096 -4096 64 ) (-4096 -4096 63 ) 
4 360 366 (-3072 -4096 64 ) (-3072 -4096 9978.230469 ) (-4096 -4096 9978.230469 ) (-4096 -4096 64 ) 
4 360 365 (-4096 -3072 64 ) (-4096 -3072 63 ) (-4096 -4096 63 ) (-4096 -4096 64 ) 
4 360 361 (-4096 -3072 9978.230469 ) (-4096 -3072 64 ) (-4096 -4096 64 ) (-4096 -4096 9978.230469 ) 
4 361 371 (-4096 -4096 64 ) (-4096 -4096 9978.230469 ) (-4880 -4096 9978.230469 ) (-4880 -4096 64 ) 
4 361 365 (-4880 -3072 64 ) (-4096 -3072 64 ) (-4096 -4096 64 ) (-4880 -4096 64 ) 
4 361 363 (-4880 -3072 64 ) (-4880 -4096 64 ) (-4880 -4096 176 ) (-4880 -3072 176 ) 
4 361 362 (-4880 -4096 176 ) (-4880 -4096 9978.230469 ) (-4880 -3072 9978.230469 ) (-4880 -3072 176 ) 
4 362 375 (-4880 -4096 9978.230469 ) (-4912 -4096 9978.230469 ) (-4912 -4096 176 ) (-4880 -4096 176 ) 
4 362 364 (-4912 -4096 176 ) (-4912 -4096 9978.230469 ) (-4912 -3072 9978.230469 ) (-4912 -3072 176 ) 
4 362 363 (-4912 -4096 176 ) (-4912 -3072 176 ) (-4880 -3072 176 ) (-4880 -4096 176 ) 
4 363 376 (-4912 -4096 176 ) (-4912 -4096 64 ) (-4880 -4096 64 ) (-4880 -4096 176 ) 
4 363 365 (-4912 -3072 64 ) (-4880 -3072 64 ) (-4880 -4096 64 ) (-4912 -4096 64 ) 
4 363 364 (-4912 -3072 64 ) (-4912 -4096 64 ) (-4912 -4096 176 ) (-4912 -3072 176 ) 
4 364 378 (-4912 -4096 9978.230469 ) (-5120 -4096 9978.230469 ) (-5120 -4096 64 ) (-4912 -4096 64 ) 
4 364 365 (-5120 -3072 64 ) (-4912 -3072 64 ) (-4912 -4096 64 ) (-5120 -4096 64 ) 
4 365 379 (-4096 -4096 63 ) (-4096 -4096 64 ) (-5120 -4096 64 ) (-5120 -4096 63 ) 
4 366 371 (-4096 -4096 9978.230469 ) (-4096 -4096 64 ) (-4096 -4464 64 ) (-4096 -4464 9978.230469 ) 
4 366 370 (-4096 -4464 64 ) (-4096 -4096 64 ) (-3072 -4096 64 ) (-3072 -4464 64 ) 
4 366 368 (-4096 -4464 64 ) (-3072 -4464 64 ) (-3072 -4464 176 ) (-4096 -4464 176 ) 
4 366 367 (-3072 -4464 176 ) (-3072 -4464 9978.230469 ) (-4096 -4464 9978.230469 ) (-4096 -4464 176 ) 
4 367 372 (-4096 -4496 176 ) (-4096 -4496 9978.230469 ) (-4096 -4464 9978.230469 ) (-4096 -4464 176 ) 
4 367 369 (-3072 -4496 176 ) (-3072 -4496 9978.230469 ) (-4096 -4496 9978.230469 ) (-4096 -4496 176 ) 
4 367 368 (-3072 -4496 176 ) (-4096 -4496 176 ) (-4096 -4464 176 ) (-3072 -4464 176 ) 
4 368 373 (-4096 -4464 64 ) (-4096 -4496 64 ) (-4096 -4496 176 ) (-4096 -4464 176 ) 
4 368 370 (-4096 -4496 64 ) (-4096 -4464 64 ) (-3072 -4464 64 ) (-3072 -4496 64 ) 
4 368 369 (-4096 -4496 64 ) (-3072 -4496 64 ) (-3072 -4496 176 ) (-4096 -4496 176 ) 
4 369 374 (-4096 -4496 64 ) (-4096 -5120 64 ) (-4096 -5120 9978.230469 ) (-4096 -4496 9978.230469 ) 
4 369 370 (-3072 -5120 64 ) (-4096 -5120 64 ) (-4096 -4496 64 ) (-3072 -4496 64 ) 
4 370 379 (-4096 -4096 64 ) (-4096 -4096 63 ) (-4096 -5120 63 ) (-4096 -5120 64 ) 
4 371 379 (-4096 -4096 64 ) (-4096 -4464 64 ) (-4880 -4464 64 ) (-4880 -4096 64 ) 
4 371 376 (-4880 -4096 64 ) (-4880 -4464 64 ) (-4880 -4464 176 ) (-4880 -4096 176 ) 
4 371 375 (-4880 -4464 176 ) (-4880 -4464 9978.230469 ) (-4880 -4096 9978.230469 ) (-4880 -4096 176 ) 
4 371 373 (-4880 -4464 176 ) (-4880 -4464 64 ) (-4096 -4464 64 ) (-4096 -4464 176 ) 
4 371 372 (-4880 -4464 9978.230469 ) (-4880 -4464 176 ) (-4096 -4464 176 ) (-4096 -4464 9978.230469 ) 
4 372 375 (-4880 -4496 176 ) (-4880 -4496 9978.230469 ) (-4880 -4464 9978.230469 ) (-4880 -4464 176 ) 
4 372 374 (-4880 -4496 9978.230469 ) (-4880 -4496 176 ) (-4096 -4496 176 ) (-4096 -4496 9978.230469 ) 
4 372 373 (-4096 -4496 176 ) (-4880 -4496 176 ) (-4880 -4464 176 ) (-4096 -4464 176 ) 
4 373 379 (-4096 -4464 64 ) (-4096 -4496 64 ) (-4880 -4496 64 ) (-4880 -4464 64 ) 
4 373 376 (-4880 -4464 64 ) (-4880 -4496 64 ) (-4880 -4496 176 ) (-4880 -4464 176 ) 
4 373 374 (-4880 -4496 176 ) (-4880 -4496 64 ) (-4096 -4496 64 ) (-4096 -4496 176 ) 
4 374 379 (-4096 -4496 64 ) (-4096 -5120 64 ) (-4880 -5120 64 ) (-4880 -4496 64 ) 
4 374 377 (-4880 -4496 64 ) (-4880 -5120 64 ) (-4880 -5120 9978.230469 ) (-4880 -4496 9978.230469 ) 
4 375 377 (-4912 -4496 9978.230469 ) (-4912 -4496 176 ) (-4880 -4496 176 ) (-4880 -4496 9978.230469 ) 
4 375 378 (-4912 -4496 176 ) (-4912 -4496 9978.230469 ) (-4912 -4096 9978.230469 ) (-4912 -4096 176 ) 
4 375 376 (-4880 -4496 176 ) (-4912 -4496 176 ) (-4912 -4096 176 ) (-4880 -4096 176 ) 
4 376 379 (-4912 -4496 64 ) (-4912 -4096 64 ) (-4880 -4096 64 ) (-4880 -4496 64 ) 
4 376 377 (-4912 -4496 176 ) (-4912 -4496 64 ) (-4880 -4496 64 ) (-4880 -4496 176 ) 
4 376 378 (-4912 -4096 64 ) (-4912 -4496 64 ) (-4912 -4496 176 ) (-4912 -4096 176 ) 
4 377 379 (-4880 -5120 64 ) (-4912 -5120 64 ) (-4912 -4496 64 ) (-4880 -4496 64 ) 
4 377 378 (-4912 -4496 64 ) (-4912 -5120 64 ) (-4912 -5120 9978.230469 ) (-4912 -4496 9978.230469 ) 
4 378 379 (-4912 -5120 64 ) (-5120 -5120 64 ) (-5120 -4096 64 ) (-4912 -4096 64 ) 
